Archive member included to satisfy reference by file (symbol)

/opt/riscv/riscv32-unknown-elf/lib/rv32im/ilp32/libm.a(lib_a-s_fabs.o)
                              mm_main.o (fabs)
/opt/riscv/riscv32-unknown-elf/lib/rv32im/ilp32/libm.a(lib_a-sf_fma.o)
                              mm.o (fmaf)
/opt/riscv/lib/gcc/riscv32-unknown-elf/10.2.0/rv32im/ilp32/libgcc.a(_divdi3.o)
                              ../elibc/time.o (__divdi3)
/opt/riscv/lib/gcc/riscv32-unknown-elf/10.2.0/rv32im/ilp32/libgcc.a(adddf3.o)
                              ../elibc/stdio.o (__adddf3)
/opt/riscv/lib/gcc/riscv32-unknown-elf/10.2.0/rv32im/ilp32/libgcc.a(gedf2.o)
                              mm_main.o (__gtdf2)
/opt/riscv/lib/gcc/riscv32-unknown-elf/10.2.0/rv32im/ilp32/libgcc.a(ledf2.o)
                              ../elibc/stdio.o (__ltdf2)
/opt/riscv/lib/gcc/riscv32-unknown-elf/10.2.0/rv32im/ilp32/libgcc.a(muldf3.o)
                              mm_main.o (__muldf3)
/opt/riscv/lib/gcc/riscv32-unknown-elf/10.2.0/rv32im/ilp32/libgcc.a(subdf3.o)
                              ../elibc/stdio.o (__subdf3)
/opt/riscv/lib/gcc/riscv32-unknown-elf/10.2.0/rv32im/ilp32/libgcc.a(fixdfsi.o)
                              ../elibc/stdio.o (__fixdfsi)
/opt/riscv/lib/gcc/riscv32-unknown-elf/10.2.0/rv32im/ilp32/libgcc.a(floatsidf.o)
                              ../elibc/stdio.o (__floatsidf)
/opt/riscv/lib/gcc/riscv32-unknown-elf/10.2.0/rv32im/ilp32/libgcc.a(addsf3.o)
                              mm.o (__addsf3)
/opt/riscv/lib/gcc/riscv32-unknown-elf/10.2.0/rv32im/ilp32/libgcc.a(mulsf3.o)
                              mm_main.o (__mulsf3)
/opt/riscv/lib/gcc/riscv32-unknown-elf/10.2.0/rv32im/ilp32/libgcc.a(subsf3.o)
                              mm_main.o (__subsf3)
/opt/riscv/lib/gcc/riscv32-unknown-elf/10.2.0/rv32im/ilp32/libgcc.a(floatundisf.o)
                              mm_main.o (__floatundisf)
/opt/riscv/lib/gcc/riscv32-unknown-elf/10.2.0/rv32im/ilp32/libgcc.a(extendsfdf2.o)
                              mm_main.o (__extendsfdf2)
/opt/riscv/lib/gcc/riscv32-unknown-elf/10.2.0/rv32im/ilp32/libgcc.a(truncdfsf2.o)
                              /opt/riscv/riscv32-unknown-elf/lib/rv32im/ilp32/libm.a(lib_a-sf_fma.o) (__truncdfsf2)
/opt/riscv/lib/gcc/riscv32-unknown-elf/10.2.0/rv32im/ilp32/libgcc.a(_lshrdi3.o)
                              /opt/riscv/lib/gcc/riscv32-unknown-elf/10.2.0/rv32im/ilp32/libgcc.a(floatundisf.o) (__lshrdi3)
/opt/riscv/lib/gcc/riscv32-unknown-elf/10.2.0/rv32im/ilp32/libgcc.a(_ashldi3.o)
                              /opt/riscv/lib/gcc/riscv32-unknown-elf/10.2.0/rv32im/ilp32/libgcc.a(floatundisf.o) (__ashldi3)
/opt/riscv/lib/gcc/riscv32-unknown-elf/10.2.0/rv32im/ilp32/libgcc.a(_clz.o)
                              /opt/riscv/lib/gcc/riscv32-unknown-elf/10.2.0/rv32im/ilp32/libgcc.a(_divdi3.o) (__clz_tab)
/opt/riscv/lib/gcc/riscv32-unknown-elf/10.2.0/rv32im/ilp32/libgcc.a(_clzsi2.o)
                              /opt/riscv/lib/gcc/riscv32-unknown-elf/10.2.0/rv32im/ilp32/libgcc.a(adddf3.o) (__clzsi2)

Memory Configuration

Name             Origin             Length             Attributes
code_ram         0x0000000080000000 0x0000000000080000 xr !rw
data_ram         0x0000000080080000 0x0000000001000000 rw !x
*default*        0x0000000000000000 0xffffffffffffffff

Linker script and memory map

                0x0000000090000000                __heap_start = 0x90000000
                0x000000001fff0000                __heap_size = 0x1fff0000
                0x00000000bfff0000                __stack_top = 0xbfff0000

.text           0x0000000080000000     0x9f08
 boot.o(.text)
 .text          0x0000000080000000       0x30 boot.o
                0x0000000080000000                boot
 *(.text)
 .text          0x0000000080000030     0x62f4 mm.o
                0x0000000080004fe0                mm
 .text          0x0000000080006324        0x0 mm_main.o
 .text          0x0000000080006324      0x850 ../elibc/stdio.o
                0x0000000080006324                getchar
                0x000000008000633c                putchar
                0x0000000080006368                fputs
                0x0000000080006424                fgets
                0x000000008000652c                putd
                0x00000000800065f0                putx
                0x00000000800066b8                putf
                0x000000008000688c                printf
 .text          0x0000000080006b74      0x2b8 ../elibc/stdlib.o
                0x0000000080006b74                exit
                0x0000000080006bc0                malloc
                0x0000000080006cf4                free
                0x0000000080006d04                calloc
                0x0000000080006d48                atoi
                0x0000000080006de0                abs
                0x0000000080006df0                srand
                0x0000000080006dfc                rand
 .text          0x0000000080006e2c      0x260 ../elibc/string.o
                0x0000000080006e2c                memcpy
                0x0000000080006e50                memmove
                0x0000000080006eac                memset
                0x0000000080006ecc                strlen
                0x0000000080006ef4                strcpy
                0x0000000080006f1c                strncpy
                0x0000000080006f74                strcat
                0x0000000080006fb8                strncat
                0x000000008000700c                strcmp
                0x0000000080007048                strncmp
 .text          0x000000008000708c       0x28 ../elibc/time.o
                0x000000008000708c                clock
 .text          0x00000000800070b4       0x58 ../elibc/uart.o
                0x00000000800070b4                inbyte
                0x00000000800070d0                outbyte
 .text          0x000000008000710c       0x50 ../elibc/util.o
                0x000000008000710c                setStats
                0x0000000080007138                disStats
 .text          0x000000008000715c        0xc /opt/riscv/riscv32-unknown-elf/lib/rv32im/ilp32/libm.a(lib_a-s_fabs.o)
                0x000000008000715c                fabs
 .text          0x0000000080007168       0x84 /opt/riscv/riscv32-unknown-elf/lib/rv32im/ilp32/libm.a(lib_a-sf_fma.o)
                0x0000000080007168                fmaf
 .text          0x00000000800071ec      0x480 /opt/riscv/lib/gcc/riscv32-unknown-elf/10.2.0/rv32im/ilp32/libgcc.a(_divdi3.o)
                0x00000000800071ec                __divdi3
 .text          0x000000008000766c      0x7d8 /opt/riscv/lib/gcc/riscv32-unknown-elf/10.2.0/rv32im/ilp32/libgcc.a(adddf3.o)
                0x000000008000766c                __adddf3
 .text          0x0000000080007e44       0xe4 /opt/riscv/lib/gcc/riscv32-unknown-elf/10.2.0/rv32im/ilp32/libgcc.a(gedf2.o)
                0x0000000080007e44                __gtdf2
                0x0000000080007e44                __gedf2
 .text          0x0000000080007f28       0xe4 /opt/riscv/lib/gcc/riscv32-unknown-elf/10.2.0/rv32im/ilp32/libgcc.a(ledf2.o)
                0x0000000080007f28                __ltdf2
                0x0000000080007f28                __ledf2
 .text          0x000000008000800c      0x5c8 /opt/riscv/lib/gcc/riscv32-unknown-elf/10.2.0/rv32im/ilp32/libgcc.a(muldf3.o)
                0x000000008000800c                __muldf3
 .text          0x00000000800085d4      0x7ec /opt/riscv/lib/gcc/riscv32-unknown-elf/10.2.0/rv32im/ilp32/libgcc.a(subdf3.o)
                0x00000000800085d4                __subdf3
 .text          0x0000000080008dc0       0x80 /opt/riscv/lib/gcc/riscv32-unknown-elf/10.2.0/rv32im/ilp32/libgcc.a(fixdfsi.o)
                0x0000000080008dc0                __fixdfsi
 .text          0x0000000080008e40       0xa8 /opt/riscv/lib/gcc/riscv32-unknown-elf/10.2.0/rv32im/ilp32/libgcc.a(floatsidf.o)
                0x0000000080008e40                __floatsidf
 .text          0x0000000080008ee8      0x45c /opt/riscv/lib/gcc/riscv32-unknown-elf/10.2.0/rv32im/ilp32/libgcc.a(addsf3.o)
                0x0000000080008ee8                __addsf3
 .text          0x0000000080009344      0x304 /opt/riscv/lib/gcc/riscv32-unknown-elf/10.2.0/rv32im/ilp32/libgcc.a(mulsf3.o)
                0x0000000080009344                __mulsf3
 .text          0x0000000080009648      0x46c /opt/riscv/lib/gcc/riscv32-unknown-elf/10.2.0/rv32im/ilp32/libgcc.a(subsf3.o)
                0x0000000080009648                __subsf3
 .text          0x0000000080009ab4      0x138 /opt/riscv/lib/gcc/riscv32-unknown-elf/10.2.0/rv32im/ilp32/libgcc.a(floatundisf.o)
                0x0000000080009ab4                __floatundisf
 .text          0x0000000080009bec       0xdc /opt/riscv/lib/gcc/riscv32-unknown-elf/10.2.0/rv32im/ilp32/libgcc.a(extendsfdf2.o)
                0x0000000080009bec                __extendsfdf2
 .text          0x0000000080009cc8      0x184 /opt/riscv/lib/gcc/riscv32-unknown-elf/10.2.0/rv32im/ilp32/libgcc.a(truncdfsf2.o)
                0x0000000080009cc8                __truncdfsf2
 .text          0x0000000080009e4c       0x38 /opt/riscv/lib/gcc/riscv32-unknown-elf/10.2.0/rv32im/ilp32/libgcc.a(_lshrdi3.o)
                0x0000000080009e4c                __lshrdi3
 .text          0x0000000080009e84       0x38 /opt/riscv/lib/gcc/riscv32-unknown-elf/10.2.0/rv32im/ilp32/libgcc.a(_ashldi3.o)
                0x0000000080009e84                __ashldi3
 .text          0x0000000080009ebc        0x0 /opt/riscv/lib/gcc/riscv32-unknown-elf/10.2.0/rv32im/ilp32/libgcc.a(_clz.o)
 .text          0x0000000080009ebc       0x4c /opt/riscv/lib/gcc/riscv32-unknown-elf/10.2.0/rv32im/ilp32/libgcc.a(_clzsi2.o)
                0x0000000080009ebc                __clzsi2
 /opt/riscv/lib/gcc/riscv32-unknown-elf/10.2.0/rv32im/ilp32/libgcc.a()

.text.startup   0x0000000080009f08      0x65c
 .text.startup  0x0000000080009f08      0x65c mm_main.o
                0x0000000080009f08                main

.srodata.cst4   0x000000008000a564        0x4
 .srodata.cst4  0x000000008000a564        0x4 mm_main.o

.srodata.cst8   0x000000008000a568       0x10
 .srodata.cst8  0x000000008000a568        0x8 mm_main.o
 .srodata.cst8  0x000000008000a570        0x8 ../elibc/stdio.o

.srodata        0x000000008000a578        0x8
 .srodata       0x000000008000a578        0x8 ../elibc/stdlib.o

.eh_frame       0x000000008000a580       0x28
 .eh_frame      0x000000008000a580       0x28 /opt/riscv/lib/gcc/riscv32-unknown-elf/10.2.0/rv32im/ilp32/libgcc.a(_divdi3.o)

.rela.dyn       0x000000008000a5a8        0x0
 .rela.sdata    0x000000008000a5a8        0x0 boot.o
 .rela.srodata  0x000000008000a5a8        0x0 boot.o

.data           0x0000000080080000      0x3e0
 *(.data)
 .data          0x0000000080080000        0x0 boot.o
 .data          0x0000000080080000        0x0 mm.o
 .data          0x0000000080080000        0x0 mm_main.o
 .data          0x0000000080080000        0x0 ../elibc/stdio.o
 .data          0x0000000080080000        0x0 ../elibc/stdlib.o
 .data          0x0000000080080000        0x0 ../elibc/string.o
 .data          0x0000000080080000        0x0 ../elibc/time.o
 .data          0x0000000080080000        0x0 ../elibc/uart.o
 .data          0x0000000080080000        0x0 ../elibc/util.o
 .data          0x0000000080080000        0x0 /opt/riscv/riscv32-unknown-elf/lib/rv32im/ilp32/libm.a(lib_a-s_fabs.o)
 .data          0x0000000080080000        0x0 /opt/riscv/riscv32-unknown-elf/lib/rv32im/ilp32/libm.a(lib_a-sf_fma.o)
 .data          0x0000000080080000        0x0 /opt/riscv/lib/gcc/riscv32-unknown-elf/10.2.0/rv32im/ilp32/libgcc.a(_divdi3.o)
 .data          0x0000000080080000        0x0 /opt/riscv/lib/gcc/riscv32-unknown-elf/10.2.0/rv32im/ilp32/libgcc.a(adddf3.o)
 .data          0x0000000080080000        0x0 /opt/riscv/lib/gcc/riscv32-unknown-elf/10.2.0/rv32im/ilp32/libgcc.a(gedf2.o)
 .data          0x0000000080080000        0x0 /opt/riscv/lib/gcc/riscv32-unknown-elf/10.2.0/rv32im/ilp32/libgcc.a(ledf2.o)
 .data          0x0000000080080000        0x0 /opt/riscv/lib/gcc/riscv32-unknown-elf/10.2.0/rv32im/ilp32/libgcc.a(muldf3.o)
 .data          0x0000000080080000        0x0 /opt/riscv/lib/gcc/riscv32-unknown-elf/10.2.0/rv32im/ilp32/libgcc.a(subdf3.o)
 .data          0x0000000080080000        0x0 /opt/riscv/lib/gcc/riscv32-unknown-elf/10.2.0/rv32im/ilp32/libgcc.a(fixdfsi.o)
 .data          0x0000000080080000        0x0 /opt/riscv/lib/gcc/riscv32-unknown-elf/10.2.0/rv32im/ilp32/libgcc.a(floatsidf.o)
 .data          0x0000000080080000        0x0 /opt/riscv/lib/gcc/riscv32-unknown-elf/10.2.0/rv32im/ilp32/libgcc.a(addsf3.o)
 .data          0x0000000080080000        0x0 /opt/riscv/lib/gcc/riscv32-unknown-elf/10.2.0/rv32im/ilp32/libgcc.a(mulsf3.o)
 .data          0x0000000080080000        0x0 /opt/riscv/lib/gcc/riscv32-unknown-elf/10.2.0/rv32im/ilp32/libgcc.a(subsf3.o)
 .data          0x0000000080080000        0x0 /opt/riscv/lib/gcc/riscv32-unknown-elf/10.2.0/rv32im/ilp32/libgcc.a(floatundisf.o)
 .data          0x0000000080080000        0x0 /opt/riscv/lib/gcc/riscv32-unknown-elf/10.2.0/rv32im/ilp32/libgcc.a(extendsfdf2.o)
 .data          0x0000000080080000        0x0 /opt/riscv/lib/gcc/riscv32-unknown-elf/10.2.0/rv32im/ilp32/libgcc.a(truncdfsf2.o)
 .data          0x0000000080080000        0x0 /opt/riscv/lib/gcc/riscv32-unknown-elf/10.2.0/rv32im/ilp32/libgcc.a(_lshrdi3.o)
 .data          0x0000000080080000        0x0 /opt/riscv/lib/gcc/riscv32-unknown-elf/10.2.0/rv32im/ilp32/libgcc.a(_ashldi3.o)
 .data          0x0000000080080000        0x0 /opt/riscv/lib/gcc/riscv32-unknown-elf/10.2.0/rv32im/ilp32/libgcc.a(_clz.o)
 .data          0x0000000080080000        0x0 /opt/riscv/lib/gcc/riscv32-unknown-elf/10.2.0/rv32im/ilp32/libgcc.a(_clzsi2.o)
 *(.bss)
 .bss           0x0000000080080000        0x0 boot.o
 .bss           0x0000000080080000        0x0 mm.o
 .bss           0x0000000080080000        0x0 mm_main.o
 .bss           0x0000000080080000        0x0 ../elibc/stdio.o
 .bss           0x0000000080080000        0x0 ../elibc/stdlib.o
 .bss           0x0000000080080000        0x0 ../elibc/string.o
 .bss           0x0000000080080000        0x0 ../elibc/time.o
 .bss           0x0000000080080000        0x0 ../elibc/uart.o
 .bss           0x0000000080080000        0x0 ../elibc/util.o
 .bss           0x0000000080080000        0x0 /opt/riscv/riscv32-unknown-elf/lib/rv32im/ilp32/libm.a(lib_a-s_fabs.o)
 .bss           0x0000000080080000        0x0 /opt/riscv/riscv32-unknown-elf/lib/rv32im/ilp32/libm.a(lib_a-sf_fma.o)
 .bss           0x0000000080080000        0x0 /opt/riscv/lib/gcc/riscv32-unknown-elf/10.2.0/rv32im/ilp32/libgcc.a(_divdi3.o)
 .bss           0x0000000080080000        0x0 /opt/riscv/lib/gcc/riscv32-unknown-elf/10.2.0/rv32im/ilp32/libgcc.a(adddf3.o)
 .bss           0x0000000080080000        0x0 /opt/riscv/lib/gcc/riscv32-unknown-elf/10.2.0/rv32im/ilp32/libgcc.a(gedf2.o)
 .bss           0x0000000080080000        0x0 /opt/riscv/lib/gcc/riscv32-unknown-elf/10.2.0/rv32im/ilp32/libgcc.a(ledf2.o)
 .bss           0x0000000080080000        0x0 /opt/riscv/lib/gcc/riscv32-unknown-elf/10.2.0/rv32im/ilp32/libgcc.a(muldf3.o)
 .bss           0x0000000080080000        0x0 /opt/riscv/lib/gcc/riscv32-unknown-elf/10.2.0/rv32im/ilp32/libgcc.a(subdf3.o)
 .bss           0x0000000080080000        0x0 /opt/riscv/lib/gcc/riscv32-unknown-elf/10.2.0/rv32im/ilp32/libgcc.a(fixdfsi.o)
 .bss           0x0000000080080000        0x0 /opt/riscv/lib/gcc/riscv32-unknown-elf/10.2.0/rv32im/ilp32/libgcc.a(floatsidf.o)
 .bss           0x0000000080080000        0x0 /opt/riscv/lib/gcc/riscv32-unknown-elf/10.2.0/rv32im/ilp32/libgcc.a(addsf3.o)
 .bss           0x0000000080080000        0x0 /opt/riscv/lib/gcc/riscv32-unknown-elf/10.2.0/rv32im/ilp32/libgcc.a(mulsf3.o)
 .bss           0x0000000080080000        0x0 /opt/riscv/lib/gcc/riscv32-unknown-elf/10.2.0/rv32im/ilp32/libgcc.a(subsf3.o)
 .bss           0x0000000080080000        0x0 /opt/riscv/lib/gcc/riscv32-unknown-elf/10.2.0/rv32im/ilp32/libgcc.a(floatundisf.o)
 .bss           0x0000000080080000        0x0 /opt/riscv/lib/gcc/riscv32-unknown-elf/10.2.0/rv32im/ilp32/libgcc.a(extendsfdf2.o)
 .bss           0x0000000080080000        0x0 /opt/riscv/lib/gcc/riscv32-unknown-elf/10.2.0/rv32im/ilp32/libgcc.a(truncdfsf2.o)
 .bss           0x0000000080080000        0x0 /opt/riscv/lib/gcc/riscv32-unknown-elf/10.2.0/rv32im/ilp32/libgcc.a(_lshrdi3.o)
 .bss           0x0000000080080000        0x0 /opt/riscv/lib/gcc/riscv32-unknown-elf/10.2.0/rv32im/ilp32/libgcc.a(_ashldi3.o)
 .bss           0x0000000080080000        0x0 /opt/riscv/lib/gcc/riscv32-unknown-elf/10.2.0/rv32im/ilp32/libgcc.a(_clz.o)
 .bss           0x0000000080080000        0x0 /opt/riscv/lib/gcc/riscv32-unknown-elf/10.2.0/rv32im/ilp32/libgcc.a(_clzsi2.o)
 *(.rodata*)
 .rodata.str1.4
                0x0000000080080000       0x83 mm_main.o
 *fill*         0x0000000080080083        0x1 
 .rodata.str1.4
                0x0000000080080084       0x7d ../elibc/stdio.o
 *fill*         0x0000000080080101        0x3 
 .rodata        0x0000000080080104       0x84 ../elibc/stdio.o
 .rodata        0x0000000080080188       0xcc ../elibc/stdlib.o
 .rodata.str1.4
                0x0000000080080254       0x11 ../elibc/util.o
 *fill*         0x0000000080080265        0x3 
 .rodata        0x0000000080080268       0x3c /opt/riscv/lib/gcc/riscv32-unknown-elf/10.2.0/rv32im/ilp32/libgcc.a(muldf3.o)
 .rodata        0x00000000800802a4       0x3c /opt/riscv/lib/gcc/riscv32-unknown-elf/10.2.0/rv32im/ilp32/libgcc.a(mulsf3.o)
 .rodata        0x00000000800802e0      0x100 /opt/riscv/lib/gcc/riscv32-unknown-elf/10.2.0/rv32im/ilp32/libgcc.a(_clz.o)
                0x00000000800802e0                __clz_tab
LOAD boot.o
LOAD mm.o
LOAD mm_main.o
LOAD ../elibc/stdio.o
LOAD ../elibc/stdlib.o
LOAD ../elibc/string.o
LOAD ../elibc/time.o
LOAD ../elibc/uart.o
LOAD ../elibc/util.o
LOAD /opt/riscv/lib/gcc/riscv32-unknown-elf/10.2.0/rv32im/ilp32/libgcc.a
LOAD /opt/riscv/riscv32-unknown-elf/lib/rv32im/ilp32/libm.a
LOAD /opt/riscv/lib/gcc/riscv32-unknown-elf/10.2.0/rv32im/ilp32/libgcc.a
LOAD /opt/riscv/riscv32-unknown-elf/lib/rv32im/ilp32/libm.a
OUTPUT(_mm.o elf32-littleriscv)

.sdata          0x00000000800803e0       0x2c
 .sdata         0x00000000800803e0        0x4 boot.o
                0x00000000800803e0                stack_top
 .sdata         0x00000000800803e4       0x1c ../elibc/stdio.o
                0x00000000800803e4                stderr
                0x00000000800803e8                stdout
                0x00000000800803ec                stdin
 .sdata         0x0000000080080400        0xc ../elibc/stdlib.o

.sbss           0x000000008008040c       0x14
 .sbss          0x000000008008040c        0x4 boot.o
                0x000000008008040c                sp_store
 .sbss          0x0000000080080410        0x8 ../elibc/stdio.o
 .sbss          0x0000000080080418        0x8 ../elibc/util.o

.comment        0x0000000000000000       0x12
 .comment       0x0000000000000000       0x12 boot.o
                                         0x13 (size before relaxing)
 .comment       0x0000000000000012       0x13 mm.o
 .comment       0x0000000000000012       0x13 mm_main.o
 .comment       0x0000000000000012       0x13 ../elibc/stdio.o
 .comment       0x0000000000000012       0x13 ../elibc/stdlib.o
 .comment       0x0000000000000012       0x13 ../elibc/string.o
 .comment       0x0000000000000012       0x13 ../elibc/time.o
 .comment       0x0000000000000012       0x13 ../elibc/uart.o
 .comment       0x0000000000000012       0x13 ../elibc/util.o
 .comment       0x0000000000000012       0x13 /opt/riscv/riscv32-unknown-elf/lib/rv32im/ilp32/libm.a(lib_a-s_fabs.o)
 .comment       0x0000000000000012       0x13 /opt/riscv/riscv32-unknown-elf/lib/rv32im/ilp32/libm.a(lib_a-sf_fma.o)
 .comment       0x0000000000000012       0x13 /opt/riscv/lib/gcc/riscv32-unknown-elf/10.2.0/rv32im/ilp32/libgcc.a(_divdi3.o)
 .comment       0x0000000000000012       0x13 /opt/riscv/lib/gcc/riscv32-unknown-elf/10.2.0/rv32im/ilp32/libgcc.a(adddf3.o)
 .comment       0x0000000000000012       0x13 /opt/riscv/lib/gcc/riscv32-unknown-elf/10.2.0/rv32im/ilp32/libgcc.a(gedf2.o)
 .comment       0x0000000000000012       0x13 /opt/riscv/lib/gcc/riscv32-unknown-elf/10.2.0/rv32im/ilp32/libgcc.a(ledf2.o)
 .comment       0x0000000000000012       0x13 /opt/riscv/lib/gcc/riscv32-unknown-elf/10.2.0/rv32im/ilp32/libgcc.a(muldf3.o)
 .comment       0x0000000000000012       0x13 /opt/riscv/lib/gcc/riscv32-unknown-elf/10.2.0/rv32im/ilp32/libgcc.a(subdf3.o)
 .comment       0x0000000000000012       0x13 /opt/riscv/lib/gcc/riscv32-unknown-elf/10.2.0/rv32im/ilp32/libgcc.a(fixdfsi.o)
 .comment       0x0000000000000012       0x13 /opt/riscv/lib/gcc/riscv32-unknown-elf/10.2.0/rv32im/ilp32/libgcc.a(floatsidf.o)
 .comment       0x0000000000000012       0x13 /opt/riscv/lib/gcc/riscv32-unknown-elf/10.2.0/rv32im/ilp32/libgcc.a(addsf3.o)
 .comment       0x0000000000000012       0x13 /opt/riscv/lib/gcc/riscv32-unknown-elf/10.2.0/rv32im/ilp32/libgcc.a(mulsf3.o)
 .comment       0x0000000000000012       0x13 /opt/riscv/lib/gcc/riscv32-unknown-elf/10.2.0/rv32im/ilp32/libgcc.a(subsf3.o)
 .comment       0x0000000000000012       0x13 /opt/riscv/lib/gcc/riscv32-unknown-elf/10.2.0/rv32im/ilp32/libgcc.a(floatundisf.o)
 .comment       0x0000000000000012       0x13 /opt/riscv/lib/gcc/riscv32-unknown-elf/10.2.0/rv32im/ilp32/libgcc.a(extendsfdf2.o)
 .comment       0x0000000000000012       0x13 /opt/riscv/lib/gcc/riscv32-unknown-elf/10.2.0/rv32im/ilp32/libgcc.a(truncdfsf2.o)
 .comment       0x0000000000000012       0x13 /opt/riscv/lib/gcc/riscv32-unknown-elf/10.2.0/rv32im/ilp32/libgcc.a(_lshrdi3.o)
 .comment       0x0000000000000012       0x13 /opt/riscv/lib/gcc/riscv32-unknown-elf/10.2.0/rv32im/ilp32/libgcc.a(_ashldi3.o)
 .comment       0x0000000000000012       0x13 /opt/riscv/lib/gcc/riscv32-unknown-elf/10.2.0/rv32im/ilp32/libgcc.a(_clz.o)
 .comment       0x0000000000000012       0x13 /opt/riscv/lib/gcc/riscv32-unknown-elf/10.2.0/rv32im/ilp32/libgcc.a(_clzsi2.o)

.riscv.attributes
                0x0000000000000000       0x25
 .riscv.attributes
                0x0000000000000000       0x21 boot.o
 .riscv.attributes
                0x0000000000000021       0x21 mm.o
 .riscv.attributes
                0x0000000000000042       0x25 mm_main.o
 .riscv.attributes
                0x0000000000000067       0x21 ../elibc/stdio.o
 .riscv.attributes
                0x0000000000000088       0x21 ../elibc/stdlib.o
 .riscv.attributes
                0x00000000000000a9       0x21 ../elibc/string.o
 .riscv.attributes
                0x00000000000000ca       0x25 ../elibc/time.o
 .riscv.attributes
                0x00000000000000ef       0x21 ../elibc/uart.o
 .riscv.attributes
                0x0000000000000110       0x25 ../elibc/util.o
 .riscv.attributes
                0x0000000000000135       0x21 /opt/riscv/riscv32-unknown-elf/lib/rv32im/ilp32/libm.a(lib_a-s_fabs.o)
 .riscv.attributes
                0x0000000000000156       0x21 /opt/riscv/riscv32-unknown-elf/lib/rv32im/ilp32/libm.a(lib_a-sf_fma.o)
 .riscv.attributes
                0x0000000000000177       0x21 /opt/riscv/lib/gcc/riscv32-unknown-elf/10.2.0/rv32im/ilp32/libgcc.a(_divdi3.o)
 .riscv.attributes
                0x0000000000000198       0x21 /opt/riscv/lib/gcc/riscv32-unknown-elf/10.2.0/rv32im/ilp32/libgcc.a(adddf3.o)
 .riscv.attributes
                0x00000000000001b9       0x21 /opt/riscv/lib/gcc/riscv32-unknown-elf/10.2.0/rv32im/ilp32/libgcc.a(gedf2.o)
 .riscv.attributes
                0x00000000000001da       0x21 /opt/riscv/lib/gcc/riscv32-unknown-elf/10.2.0/rv32im/ilp32/libgcc.a(ledf2.o)
 .riscv.attributes
                0x00000000000001fb       0x21 /opt/riscv/lib/gcc/riscv32-unknown-elf/10.2.0/rv32im/ilp32/libgcc.a(muldf3.o)
 .riscv.attributes
                0x000000000000021c       0x21 /opt/riscv/lib/gcc/riscv32-unknown-elf/10.2.0/rv32im/ilp32/libgcc.a(subdf3.o)
 .riscv.attributes
                0x000000000000023d       0x21 /opt/riscv/lib/gcc/riscv32-unknown-elf/10.2.0/rv32im/ilp32/libgcc.a(fixdfsi.o)
 .riscv.attributes
                0x000000000000025e       0x21 /opt/riscv/lib/gcc/riscv32-unknown-elf/10.2.0/rv32im/ilp32/libgcc.a(floatsidf.o)
 .riscv.attributes
                0x000000000000027f       0x21 /opt/riscv/lib/gcc/riscv32-unknown-elf/10.2.0/rv32im/ilp32/libgcc.a(addsf3.o)
 .riscv.attributes
                0x00000000000002a0       0x21 /opt/riscv/lib/gcc/riscv32-unknown-elf/10.2.0/rv32im/ilp32/libgcc.a(mulsf3.o)
 .riscv.attributes
                0x00000000000002c1       0x21 /opt/riscv/lib/gcc/riscv32-unknown-elf/10.2.0/rv32im/ilp32/libgcc.a(subsf3.o)
 .riscv.attributes
                0x00000000000002e2       0x21 /opt/riscv/lib/gcc/riscv32-unknown-elf/10.2.0/rv32im/ilp32/libgcc.a(floatundisf.o)
 .riscv.attributes
                0x0000000000000303       0x21 /opt/riscv/lib/gcc/riscv32-unknown-elf/10.2.0/rv32im/ilp32/libgcc.a(extendsfdf2.o)
 .riscv.attributes
                0x0000000000000324       0x21 /opt/riscv/lib/gcc/riscv32-unknown-elf/10.2.0/rv32im/ilp32/libgcc.a(truncdfsf2.o)
 .riscv.attributes
                0x0000000000000345       0x21 /opt/riscv/lib/gcc/riscv32-unknown-elf/10.2.0/rv32im/ilp32/libgcc.a(_lshrdi3.o)
 .riscv.attributes
                0x0000000000000366       0x21 /opt/riscv/lib/gcc/riscv32-unknown-elf/10.2.0/rv32im/ilp32/libgcc.a(_ashldi3.o)
 .riscv.attributes
                0x0000000000000387       0x21 /opt/riscv/lib/gcc/riscv32-unknown-elf/10.2.0/rv32im/ilp32/libgcc.a(_clz.o)
 .riscv.attributes
                0x00000000000003a8       0x21 /opt/riscv/lib/gcc/riscv32-unknown-elf/10.2.0/rv32im/ilp32/libgcc.a(_clzsi2.o)

.debug_info     0x0000000000000000     0x3a87
 .debug_info    0x0000000000000000      0x7e8 /opt/riscv/lib/gcc/riscv32-unknown-elf/10.2.0/rv32im/ilp32/libgcc.a(_divdi3.o)
 .debug_info    0x00000000000007e8      0x581 /opt/riscv/lib/gcc/riscv32-unknown-elf/10.2.0/rv32im/ilp32/libgcc.a(adddf3.o)
 .debug_info    0x0000000000000d69      0x253 /opt/riscv/lib/gcc/riscv32-unknown-elf/10.2.0/rv32im/ilp32/libgcc.a(gedf2.o)
 .debug_info    0x0000000000000fbc      0x253 /opt/riscv/lib/gcc/riscv32-unknown-elf/10.2.0/rv32im/ilp32/libgcc.a(ledf2.o)
 .debug_info    0x000000000000120f      0x766 /opt/riscv/lib/gcc/riscv32-unknown-elf/10.2.0/rv32im/ilp32/libgcc.a(muldf3.o)
 .debug_info    0x0000000000001975      0x581 /opt/riscv/lib/gcc/riscv32-unknown-elf/10.2.0/rv32im/ilp32/libgcc.a(subdf3.o)
 .debug_info    0x0000000000001ef6      0x1e7 /opt/riscv/lib/gcc/riscv32-unknown-elf/10.2.0/rv32im/ilp32/libgcc.a(fixdfsi.o)
 .debug_info    0x00000000000020dd      0x29b /opt/riscv/lib/gcc/riscv32-unknown-elf/10.2.0/rv32im/ilp32/libgcc.a(floatsidf.o)
 .debug_info    0x0000000000002378      0x33c /opt/riscv/lib/gcc/riscv32-unknown-elf/10.2.0/rv32im/ilp32/libgcc.a(addsf3.o)
 .debug_info    0x00000000000026b4      0x394 /opt/riscv/lib/gcc/riscv32-unknown-elf/10.2.0/rv32im/ilp32/libgcc.a(mulsf3.o)
 .debug_info    0x0000000000002a48      0x33c /opt/riscv/lib/gcc/riscv32-unknown-elf/10.2.0/rv32im/ilp32/libgcc.a(subsf3.o)
 .debug_info    0x0000000000002d84      0x25c /opt/riscv/lib/gcc/riscv32-unknown-elf/10.2.0/rv32im/ilp32/libgcc.a(floatundisf.o)
 .debug_info    0x0000000000002fe0      0x28b /opt/riscv/lib/gcc/riscv32-unknown-elf/10.2.0/rv32im/ilp32/libgcc.a(extendsfdf2.o)
 .debug_info    0x000000000000326b      0x2a9 /opt/riscv/lib/gcc/riscv32-unknown-elf/10.2.0/rv32im/ilp32/libgcc.a(truncdfsf2.o)
 .debug_info    0x0000000000003514      0x1ac /opt/riscv/lib/gcc/riscv32-unknown-elf/10.2.0/rv32im/ilp32/libgcc.a(_lshrdi3.o)
 .debug_info    0x00000000000036c0      0x1ac /opt/riscv/lib/gcc/riscv32-unknown-elf/10.2.0/rv32im/ilp32/libgcc.a(_ashldi3.o)
 .debug_info    0x000000000000386c       0xd7 /opt/riscv/lib/gcc/riscv32-unknown-elf/10.2.0/rv32im/ilp32/libgcc.a(_clz.o)
 .debug_info    0x0000000000003943      0x144 /opt/riscv/lib/gcc/riscv32-unknown-elf/10.2.0/rv32im/ilp32/libgcc.a(_clzsi2.o)

.debug_abbrev   0x0000000000000000     0x174e
 .debug_abbrev  0x0000000000000000      0x1b5 /opt/riscv/lib/gcc/riscv32-unknown-elf/10.2.0/rv32im/ilp32/libgcc.a(_divdi3.o)
 .debug_abbrev  0x00000000000001b5      0x173 /opt/riscv/lib/gcc/riscv32-unknown-elf/10.2.0/rv32im/ilp32/libgcc.a(adddf3.o)
 .debug_abbrev  0x0000000000000328      0x15e /opt/riscv/lib/gcc/riscv32-unknown-elf/10.2.0/rv32im/ilp32/libgcc.a(gedf2.o)
 .debug_abbrev  0x0000000000000486      0x15e /opt/riscv/lib/gcc/riscv32-unknown-elf/10.2.0/rv32im/ilp32/libgcc.a(ledf2.o)
 .debug_abbrev  0x00000000000005e4      0x185 /opt/riscv/lib/gcc/riscv32-unknown-elf/10.2.0/rv32im/ilp32/libgcc.a(muldf3.o)
 .debug_abbrev  0x0000000000000769      0x173 /opt/riscv/lib/gcc/riscv32-unknown-elf/10.2.0/rv32im/ilp32/libgcc.a(subdf3.o)
 .debug_abbrev  0x00000000000008dc      0x15e /opt/riscv/lib/gcc/riscv32-unknown-elf/10.2.0/rv32im/ilp32/libgcc.a(fixdfsi.o)
 .debug_abbrev  0x0000000000000a3a      0x164 /opt/riscv/lib/gcc/riscv32-unknown-elf/10.2.0/rv32im/ilp32/libgcc.a(floatsidf.o)
 .debug_abbrev  0x0000000000000b9e      0x161 /opt/riscv/lib/gcc/riscv32-unknown-elf/10.2.0/rv32im/ilp32/libgcc.a(addsf3.o)
 .debug_abbrev  0x0000000000000cff      0x166 /opt/riscv/lib/gcc/riscv32-unknown-elf/10.2.0/rv32im/ilp32/libgcc.a(mulsf3.o)
 .debug_abbrev  0x0000000000000e65      0x161 /opt/riscv/lib/gcc/riscv32-unknown-elf/10.2.0/rv32im/ilp32/libgcc.a(subsf3.o)
 .debug_abbrev  0x0000000000000fc6      0x179 /opt/riscv/lib/gcc/riscv32-unknown-elf/10.2.0/rv32im/ilp32/libgcc.a(floatundisf.o)
 .debug_abbrev  0x000000000000113f      0x158 /opt/riscv/lib/gcc/riscv32-unknown-elf/10.2.0/rv32im/ilp32/libgcc.a(extendsfdf2.o)
 .debug_abbrev  0x0000000000001297      0x14d /opt/riscv/lib/gcc/riscv32-unknown-elf/10.2.0/rv32im/ilp32/libgcc.a(truncdfsf2.o)
 .debug_abbrev  0x00000000000013e4      0x118 /opt/riscv/lib/gcc/riscv32-unknown-elf/10.2.0/rv32im/ilp32/libgcc.a(_lshrdi3.o)
 .debug_abbrev  0x00000000000014fc      0x118 /opt/riscv/lib/gcc/riscv32-unknown-elf/10.2.0/rv32im/ilp32/libgcc.a(_ashldi3.o)
 .debug_abbrev  0x0000000000001614       0x70 /opt/riscv/lib/gcc/riscv32-unknown-elf/10.2.0/rv32im/ilp32/libgcc.a(_clz.o)
 .debug_abbrev  0x0000000000001684       0xca /opt/riscv/lib/gcc/riscv32-unknown-elf/10.2.0/rv32im/ilp32/libgcc.a(_clzsi2.o)

.debug_loc      0x0000000000000000     0x6377
 .debug_loc     0x0000000000000000      0x9fa /opt/riscv/lib/gcc/riscv32-unknown-elf/10.2.0/rv32im/ilp32/libgcc.a(_divdi3.o)
 .debug_loc     0x00000000000009fa     0x11ec /opt/riscv/lib/gcc/riscv32-unknown-elf/10.2.0/rv32im/ilp32/libgcc.a(adddf3.o)
 .debug_loc     0x0000000000001be6      0x135 /opt/riscv/lib/gcc/riscv32-unknown-elf/10.2.0/rv32im/ilp32/libgcc.a(gedf2.o)
 .debug_loc     0x0000000000001d1b      0x135 /opt/riscv/lib/gcc/riscv32-unknown-elf/10.2.0/rv32im/ilp32/libgcc.a(ledf2.o)
 .debug_loc     0x0000000000001e50      0xd56 /opt/riscv/lib/gcc/riscv32-unknown-elf/10.2.0/rv32im/ilp32/libgcc.a(muldf3.o)
 .debug_loc     0x0000000000002ba6     0x114d /opt/riscv/lib/gcc/riscv32-unknown-elf/10.2.0/rv32im/ilp32/libgcc.a(subdf3.o)
 .debug_loc     0x0000000000003cf3      0x181 /opt/riscv/lib/gcc/riscv32-unknown-elf/10.2.0/rv32im/ilp32/libgcc.a(fixdfsi.o)
 .debug_loc     0x0000000000003e74      0x159 /opt/riscv/lib/gcc/riscv32-unknown-elf/10.2.0/rv32im/ilp32/libgcc.a(floatsidf.o)
 .debug_loc     0x0000000000003fcd      0x909 /opt/riscv/lib/gcc/riscv32-unknown-elf/10.2.0/rv32im/ilp32/libgcc.a(addsf3.o)
 .debug_loc     0x00000000000048d6      0x5e4 /opt/riscv/lib/gcc/riscv32-unknown-elf/10.2.0/rv32im/ilp32/libgcc.a(mulsf3.o)
 .debug_loc     0x0000000000004eba      0xc52 /opt/riscv/lib/gcc/riscv32-unknown-elf/10.2.0/rv32im/ilp32/libgcc.a(subsf3.o)
 .debug_loc     0x0000000000005b0c      0x1c8 /opt/riscv/lib/gcc/riscv32-unknown-elf/10.2.0/rv32im/ilp32/libgcc.a(floatundisf.o)
 .debug_loc     0x0000000000005cd4      0x202 /opt/riscv/lib/gcc/riscv32-unknown-elf/10.2.0/rv32im/ilp32/libgcc.a(extendsfdf2.o)
 .debug_loc     0x0000000000005ed6      0x33a /opt/riscv/lib/gcc/riscv32-unknown-elf/10.2.0/rv32im/ilp32/libgcc.a(truncdfsf2.o)
 .debug_loc     0x0000000000006210       0x7e /opt/riscv/lib/gcc/riscv32-unknown-elf/10.2.0/rv32im/ilp32/libgcc.a(_lshrdi3.o)
 .debug_loc     0x000000000000628e       0x7e /opt/riscv/lib/gcc/riscv32-unknown-elf/10.2.0/rv32im/ilp32/libgcc.a(_ashldi3.o)
 .debug_loc     0x000000000000630c       0x6b /opt/riscv/lib/gcc/riscv32-unknown-elf/10.2.0/rv32im/ilp32/libgcc.a(_clzsi2.o)

.debug_aranges  0x0000000000000000      0x238
 .debug_aranges
                0x0000000000000000       0x20 /opt/riscv/lib/gcc/riscv32-unknown-elf/10.2.0/rv32im/ilp32/libgcc.a(_divdi3.o)
 .debug_aranges
                0x0000000000000020       0x20 /opt/riscv/lib/gcc/riscv32-unknown-elf/10.2.0/rv32im/ilp32/libgcc.a(adddf3.o)
 .debug_aranges
                0x0000000000000040       0x20 /opt/riscv/lib/gcc/riscv32-unknown-elf/10.2.0/rv32im/ilp32/libgcc.a(gedf2.o)
 .debug_aranges
                0x0000000000000060       0x20 /opt/riscv/lib/gcc/riscv32-unknown-elf/10.2.0/rv32im/ilp32/libgcc.a(ledf2.o)
 .debug_aranges
                0x0000000000000080       0x20 /opt/riscv/lib/gcc/riscv32-unknown-elf/10.2.0/rv32im/ilp32/libgcc.a(muldf3.o)
 .debug_aranges
                0x00000000000000a0       0x20 /opt/riscv/lib/gcc/riscv32-unknown-elf/10.2.0/rv32im/ilp32/libgcc.a(subdf3.o)
 .debug_aranges
                0x00000000000000c0       0x20 /opt/riscv/lib/gcc/riscv32-unknown-elf/10.2.0/rv32im/ilp32/libgcc.a(fixdfsi.o)
 .debug_aranges
                0x00000000000000e0       0x20 /opt/riscv/lib/gcc/riscv32-unknown-elf/10.2.0/rv32im/ilp32/libgcc.a(floatsidf.o)
 .debug_aranges
                0x0000000000000100       0x20 /opt/riscv/lib/gcc/riscv32-unknown-elf/10.2.0/rv32im/ilp32/libgcc.a(addsf3.o)
 .debug_aranges
                0x0000000000000120       0x20 /opt/riscv/lib/gcc/riscv32-unknown-elf/10.2.0/rv32im/ilp32/libgcc.a(mulsf3.o)
 .debug_aranges
                0x0000000000000140       0x20 /opt/riscv/lib/gcc/riscv32-unknown-elf/10.2.0/rv32im/ilp32/libgcc.a(subsf3.o)
 .debug_aranges
                0x0000000000000160       0x20 /opt/riscv/lib/gcc/riscv32-unknown-elf/10.2.0/rv32im/ilp32/libgcc.a(floatundisf.o)
 .debug_aranges
                0x0000000000000180       0x20 /opt/riscv/lib/gcc/riscv32-unknown-elf/10.2.0/rv32im/ilp32/libgcc.a(extendsfdf2.o)
 .debug_aranges
                0x00000000000001a0       0x20 /opt/riscv/lib/gcc/riscv32-unknown-elf/10.2.0/rv32im/ilp32/libgcc.a(truncdfsf2.o)
 .debug_aranges
                0x00000000000001c0       0x20 /opt/riscv/lib/gcc/riscv32-unknown-elf/10.2.0/rv32im/ilp32/libgcc.a(_lshrdi3.o)
 .debug_aranges
                0x00000000000001e0       0x20 /opt/riscv/lib/gcc/riscv32-unknown-elf/10.2.0/rv32im/ilp32/libgcc.a(_ashldi3.o)
 .debug_aranges
                0x0000000000000200       0x18 /opt/riscv/lib/gcc/riscv32-unknown-elf/10.2.0/rv32im/ilp32/libgcc.a(_clz.o)
 .debug_aranges
                0x0000000000000218       0x20 /opt/riscv/lib/gcc/riscv32-unknown-elf/10.2.0/rv32im/ilp32/libgcc.a(_clzsi2.o)

.debug_ranges   0x0000000000000000      0xd08
 .debug_ranges  0x0000000000000000       0xf8 /opt/riscv/lib/gcc/riscv32-unknown-elf/10.2.0/rv32im/ilp32/libgcc.a(_divdi3.o)
 .debug_ranges  0x00000000000000f8      0x248 /opt/riscv/lib/gcc/riscv32-unknown-elf/10.2.0/rv32im/ilp32/libgcc.a(adddf3.o)
 .debug_ranges  0x0000000000000340       0x50 /opt/riscv/lib/gcc/riscv32-unknown-elf/10.2.0/rv32im/ilp32/libgcc.a(gedf2.o)
 .debug_ranges  0x0000000000000390       0x50 /opt/riscv/lib/gcc/riscv32-unknown-elf/10.2.0/rv32im/ilp32/libgcc.a(ledf2.o)
 .debug_ranges  0x00000000000003e0      0x1e0 /opt/riscv/lib/gcc/riscv32-unknown-elf/10.2.0/rv32im/ilp32/libgcc.a(muldf3.o)
 .debug_ranges  0x00000000000005c0      0x250 /opt/riscv/lib/gcc/riscv32-unknown-elf/10.2.0/rv32im/ilp32/libgcc.a(subdf3.o)
 .debug_ranges  0x0000000000000810       0x18 /opt/riscv/lib/gcc/riscv32-unknown-elf/10.2.0/rv32im/ilp32/libgcc.a(fixdfsi.o)
 .debug_ranges  0x0000000000000828       0x68 /opt/riscv/lib/gcc/riscv32-unknown-elf/10.2.0/rv32im/ilp32/libgcc.a(floatsidf.o)
 .debug_ranges  0x0000000000000890      0x168 /opt/riscv/lib/gcc/riscv32-unknown-elf/10.2.0/rv32im/ilp32/libgcc.a(addsf3.o)
 .debug_ranges  0x00000000000009f8       0xa8 /opt/riscv/lib/gcc/riscv32-unknown-elf/10.2.0/rv32im/ilp32/libgcc.a(mulsf3.o)
 .debug_ranges  0x0000000000000aa0      0x170 /opt/riscv/lib/gcc/riscv32-unknown-elf/10.2.0/rv32im/ilp32/libgcc.a(subsf3.o)
 .debug_ranges  0x0000000000000c10       0x68 /opt/riscv/lib/gcc/riscv32-unknown-elf/10.2.0/rv32im/ilp32/libgcc.a(floatundisf.o)
 .debug_ranges  0x0000000000000c78       0x38 /opt/riscv/lib/gcc/riscv32-unknown-elf/10.2.0/rv32im/ilp32/libgcc.a(extendsfdf2.o)
 .debug_ranges  0x0000000000000cb0       0x38 /opt/riscv/lib/gcc/riscv32-unknown-elf/10.2.0/rv32im/ilp32/libgcc.a(truncdfsf2.o)
 .debug_ranges  0x0000000000000ce8       0x20 /opt/riscv/lib/gcc/riscv32-unknown-elf/10.2.0/rv32im/ilp32/libgcc.a(_clzsi2.o)

.debug_line     0x0000000000000000     0x6b91
 .debug_line    0x0000000000000000      0x806 /opt/riscv/lib/gcc/riscv32-unknown-elf/10.2.0/rv32im/ilp32/libgcc.a(_divdi3.o)
 .debug_line    0x0000000000000806     0x1013 /opt/riscv/lib/gcc/riscv32-unknown-elf/10.2.0/rv32im/ilp32/libgcc.a(adddf3.o)
 .debug_line    0x0000000000001819      0x2e5 /opt/riscv/lib/gcc/riscv32-unknown-elf/10.2.0/rv32im/ilp32/libgcc.a(gedf2.o)
 .debug_line    0x0000000000001afe      0x2e5 /opt/riscv/lib/gcc/riscv32-unknown-elf/10.2.0/rv32im/ilp32/libgcc.a(ledf2.o)
 .debug_line    0x0000000000001de3      0xda5 /opt/riscv/lib/gcc/riscv32-unknown-elf/10.2.0/rv32im/ilp32/libgcc.a(muldf3.o)
 .debug_line    0x0000000000002b88     0x1078 /opt/riscv/lib/gcc/riscv32-unknown-elf/10.2.0/rv32im/ilp32/libgcc.a(subdf3.o)
 .debug_line    0x0000000000003c00      0x214 /opt/riscv/lib/gcc/riscv32-unknown-elf/10.2.0/rv32im/ilp32/libgcc.a(fixdfsi.o)
 .debug_line    0x0000000000003e14      0x24e /opt/riscv/lib/gcc/riscv32-unknown-elf/10.2.0/rv32im/ilp32/libgcc.a(floatsidf.o)
 .debug_line    0x0000000000004062      0xa34 /opt/riscv/lib/gcc/riscv32-unknown-elf/10.2.0/rv32im/ilp32/libgcc.a(addsf3.o)
 .debug_line    0x0000000000004a96      0x755 /opt/riscv/lib/gcc/riscv32-unknown-elf/10.2.0/rv32im/ilp32/libgcc.a(mulsf3.o)
 .debug_line    0x00000000000051eb      0xa94 /opt/riscv/lib/gcc/riscv32-unknown-elf/10.2.0/rv32im/ilp32/libgcc.a(subsf3.o)
 .debug_line    0x0000000000005c7f      0x37c /opt/riscv/lib/gcc/riscv32-unknown-elf/10.2.0/rv32im/ilp32/libgcc.a(floatundisf.o)
 .debug_line    0x0000000000005ffb      0x3a5 /opt/riscv/lib/gcc/riscv32-unknown-elf/10.2.0/rv32im/ilp32/libgcc.a(extendsfdf2.o)
 .debug_line    0x00000000000063a0      0x459 /opt/riscv/lib/gcc/riscv32-unknown-elf/10.2.0/rv32im/ilp32/libgcc.a(truncdfsf2.o)
 .debug_line    0x00000000000067f9      0x12d /opt/riscv/lib/gcc/riscv32-unknown-elf/10.2.0/rv32im/ilp32/libgcc.a(_lshrdi3.o)
 .debug_line    0x0000000000006926      0x12d /opt/riscv/lib/gcc/riscv32-unknown-elf/10.2.0/rv32im/ilp32/libgcc.a(_ashldi3.o)
 .debug_line    0x0000000000006a53       0x59 /opt/riscv/lib/gcc/riscv32-unknown-elf/10.2.0/rv32im/ilp32/libgcc.a(_clz.o)
 .debug_line    0x0000000000006aac       0xe5 /opt/riscv/lib/gcc/riscv32-unknown-elf/10.2.0/rv32im/ilp32/libgcc.a(_clzsi2.o)

.debug_str      0x0000000000000000      0xafa
 .debug_str     0x0000000000000000      0x284 /opt/riscv/lib/gcc/riscv32-unknown-elf/10.2.0/rv32im/ilp32/libgcc.a(_divdi3.o)
                                        0x2e4 (size before relaxing)
 .debug_str     0x0000000000000284      0x253 /opt/riscv/lib/gcc/riscv32-unknown-elf/10.2.0/rv32im/ilp32/libgcc.a(adddf3.o)
                                        0x340 (size before relaxing)
 .debug_str     0x00000000000004d7       0x7d /opt/riscv/lib/gcc/riscv32-unknown-elf/10.2.0/rv32im/ilp32/libgcc.a(gedf2.o)
                                        0x275 (size before relaxing)
 .debug_str     0x0000000000000554       0x3a /opt/riscv/lib/gcc/riscv32-unknown-elf/10.2.0/rv32im/ilp32/libgcc.a(ledf2.o)
                                        0x275 (size before relaxing)
 .debug_str     0x000000000000058e      0x214 /opt/riscv/lib/gcc/riscv32-unknown-elf/10.2.0/rv32im/ilp32/libgcc.a(muldf3.o)
                                        0x45a (size before relaxing)
 .debug_str     0x00000000000007a2       0x3c /opt/riscv/lib/gcc/riscv32-unknown-elf/10.2.0/rv32im/ilp32/libgcc.a(subdf3.o)
                                        0x340 (size before relaxing)
 .debug_str     0x00000000000007de       0x51 /opt/riscv/lib/gcc/riscv32-unknown-elf/10.2.0/rv32im/ilp32/libgcc.a(fixdfsi.o)
                                        0x24e (size before relaxing)
 .debug_str     0x000000000000082f       0x6f /opt/riscv/lib/gcc/riscv32-unknown-elf/10.2.0/rv32im/ilp32/libgcc.a(floatsidf.o)
                                        0x2ed (size before relaxing)
 .debug_str     0x000000000000089e       0x91 /opt/riscv/lib/gcc/riscv32-unknown-elf/10.2.0/rv32im/ilp32/libgcc.a(addsf3.o)
                                        0x303 (size before relaxing)
 .debug_str     0x000000000000092f       0x85 /opt/riscv/lib/gcc/riscv32-unknown-elf/10.2.0/rv32im/ilp32/libgcc.a(mulsf3.o)
                                        0x328 (size before relaxing)
 .debug_str     0x00000000000009b4       0x3c /opt/riscv/lib/gcc/riscv32-unknown-elf/10.2.0/rv32im/ilp32/libgcc.a(subsf3.o)
                                        0x303 (size before relaxing)
 .debug_str     0x00000000000009f0       0x5a /opt/riscv/lib/gcc/riscv32-unknown-elf/10.2.0/rv32im/ilp32/libgcc.a(floatundisf.o)
                                        0x2df (size before relaxing)
 .debug_str     0x0000000000000a4a       0x53 /opt/riscv/lib/gcc/riscv32-unknown-elf/10.2.0/rv32im/ilp32/libgcc.a(extendsfdf2.o)
                                        0x27b (size before relaxing)
 .debug_str     0x0000000000000a9d       0x44 /opt/riscv/lib/gcc/riscv32-unknown-elf/10.2.0/rv32im/ilp32/libgcc.a(truncdfsf2.o)
                                        0x2d0 (size before relaxing)
 .debug_str     0x0000000000000ae1       0x19 /opt/riscv/lib/gcc/riscv32-unknown-elf/10.2.0/rv32im/ilp32/libgcc.a(_lshrdi3.o)
                                        0x269 (size before relaxing)
 .debug_str     0x0000000000000afa      0x269 /opt/riscv/lib/gcc/riscv32-unknown-elf/10.2.0/rv32im/ilp32/libgcc.a(_ashldi3.o)
 .debug_str     0x0000000000000afa      0x22c /opt/riscv/lib/gcc/riscv32-unknown-elf/10.2.0/rv32im/ilp32/libgcc.a(_clz.o)
 .debug_str     0x0000000000000afa      0x249 /opt/riscv/lib/gcc/riscv32-unknown-elf/10.2.0/rv32im/ilp32/libgcc.a(_clzsi2.o)

.debug_frame    0x0000000000000000      0x338
 .debug_frame   0x0000000000000000       0x44 /opt/riscv/lib/gcc/riscv32-unknown-elf/10.2.0/rv32im/ilp32/libgcc.a(adddf3.o)
 .debug_frame   0x0000000000000044       0x20 /opt/riscv/lib/gcc/riscv32-unknown-elf/10.2.0/rv32im/ilp32/libgcc.a(gedf2.o)
 .debug_frame   0x0000000000000064       0x20 /opt/riscv/lib/gcc/riscv32-unknown-elf/10.2.0/rv32im/ilp32/libgcc.a(ledf2.o)
 .debug_frame   0x0000000000000084       0x54 /opt/riscv/lib/gcc/riscv32-unknown-elf/10.2.0/rv32im/ilp32/libgcc.a(muldf3.o)
 .debug_frame   0x00000000000000d8       0x44 /opt/riscv/lib/gcc/riscv32-unknown-elf/10.2.0/rv32im/ilp32/libgcc.a(subdf3.o)
 .debug_frame   0x000000000000011c       0x20 /opt/riscv/lib/gcc/riscv32-unknown-elf/10.2.0/rv32im/ilp32/libgcc.a(fixdfsi.o)
 .debug_frame   0x000000000000013c       0x38 /opt/riscv/lib/gcc/riscv32-unknown-elf/10.2.0/rv32im/ilp32/libgcc.a(floatsidf.o)
 .debug_frame   0x0000000000000174       0x40 /opt/riscv/lib/gcc/riscv32-unknown-elf/10.2.0/rv32im/ilp32/libgcc.a(addsf3.o)
 .debug_frame   0x00000000000001b4       0x48 /opt/riscv/lib/gcc/riscv32-unknown-elf/10.2.0/rv32im/ilp32/libgcc.a(mulsf3.o)
 .debug_frame   0x00000000000001fc       0x40 /opt/riscv/lib/gcc/riscv32-unknown-elf/10.2.0/rv32im/ilp32/libgcc.a(subsf3.o)
 .debug_frame   0x000000000000023c       0x44 /opt/riscv/lib/gcc/riscv32-unknown-elf/10.2.0/rv32im/ilp32/libgcc.a(floatundisf.o)
 .debug_frame   0x0000000000000280       0x38 /opt/riscv/lib/gcc/riscv32-unknown-elf/10.2.0/rv32im/ilp32/libgcc.a(extendsfdf2.o)
 .debug_frame   0x00000000000002b8       0x20 /opt/riscv/lib/gcc/riscv32-unknown-elf/10.2.0/rv32im/ilp32/libgcc.a(truncdfsf2.o)
 .debug_frame   0x00000000000002d8       0x20 /opt/riscv/lib/gcc/riscv32-unknown-elf/10.2.0/rv32im/ilp32/libgcc.a(_lshrdi3.o)
 .debug_frame   0x00000000000002f8       0x20 /opt/riscv/lib/gcc/riscv32-unknown-elf/10.2.0/rv32im/ilp32/libgcc.a(_ashldi3.o)
 .debug_frame   0x0000000000000318       0x20 /opt/riscv/lib/gcc/riscv32-unknown-elf/10.2.0/rv32im/ilp32/libgcc.a(_clzsi2.o)
