Archive member included to satisfy reference by file (symbol)

/opt/riscv/lib/gcc/riscv32-unknown-elf/10.2.0/libgcc.a(_divdi3.o)
                              ../elibc/time.o (__divdi3)
/opt/riscv/lib/gcc/riscv32-unknown-elf/10.2.0/libgcc.a(adddf3.o)
                              ../elibc/stdio.o (__adddf3)
/opt/riscv/lib/gcc/riscv32-unknown-elf/10.2.0/libgcc.a(ledf2.o)
                              ../elibc/stdio.o (__ltdf2)
/opt/riscv/lib/gcc/riscv32-unknown-elf/10.2.0/libgcc.a(muldf3.o)
                              ../elibc/stdio.o (__muldf3)
/opt/riscv/lib/gcc/riscv32-unknown-elf/10.2.0/libgcc.a(subdf3.o)
                              ../elibc/stdio.o (__subdf3)
/opt/riscv/lib/gcc/riscv32-unknown-elf/10.2.0/libgcc.a(fixdfsi.o)
                              ../elibc/stdio.o (__fixdfsi)
/opt/riscv/lib/gcc/riscv32-unknown-elf/10.2.0/libgcc.a(floatsidf.o)
                              ../elibc/stdio.o (__floatsidf)
/opt/riscv/lib/gcc/riscv32-unknown-elf/10.2.0/libgcc.a(_clz.o)
                              /opt/riscv/lib/gcc/riscv32-unknown-elf/10.2.0/libgcc.a(_divdi3.o) (__clz_tab)
/opt/riscv/lib/gcc/riscv32-unknown-elf/10.2.0/libgcc.a(_clzsi2.o)
                              /opt/riscv/lib/gcc/riscv32-unknown-elf/10.2.0/libgcc.a(adddf3.o) (__clzsi2)

Memory Configuration

Name             Origin             Length             Attributes
code_ram         0x0000000080000000 0x0000000000008000 xr !rw
data_ram         0x0000000080008000 0x0000000001000000 rw !x
*default*        0x0000000000000000 0xffffffffffffffff

Linker script and memory map

                0x0000000090000000                __heap_start = 0x90000000
                0x000000001fff0000                __heap_size = 0x1fff0000
                0x00000000bfff0000                __stack_top = 0xbfff0000

.text           0x0000000080000000     0x2b34
 boot.o(.text)
 .text          0x0000000080000000       0x30 boot.o
                0x0000000080000000                boot
 *(.text)
 .text          0x0000000080000030       0x68 median.o
                0x0000000080000030                median
 .text          0x0000000080000098        0x0 median_main.o
 .text          0x0000000080000098      0x850 ../elibc/stdio.o
                0x0000000080000098                getchar
                0x00000000800000b0                putchar
                0x00000000800000dc                fputs
                0x0000000080000198                fgets
                0x00000000800002a0                putd
                0x0000000080000364                putx
                0x000000008000042c                putf
                0x0000000080000600                printf
 .text          0x00000000800008e8      0x2b8 ../elibc/stdlib.o
                0x00000000800008e8                exit
                0x0000000080000934                malloc
                0x0000000080000a68                free
                0x0000000080000a78                calloc
                0x0000000080000abc                atoi
                0x0000000080000b54                abs
                0x0000000080000b64                srand
                0x0000000080000b70                rand
 .text          0x0000000080000ba0      0x260 ../elibc/string.o
                0x0000000080000ba0                memcpy
                0x0000000080000bc4                memmove
                0x0000000080000c20                memset
                0x0000000080000c40                strlen
                0x0000000080000c68                strcpy
                0x0000000080000c90                strncpy
                0x0000000080000ce8                strcat
                0x0000000080000d2c                strncat
                0x0000000080000d80                strcmp
                0x0000000080000dbc                strncmp
 .text          0x0000000080000e00       0x28 ../elibc/time.o
                0x0000000080000e00                clock
 .text          0x0000000080000e28       0x58 ../elibc/uart.o
                0x0000000080000e28                inbyte
                0x0000000080000e44                outbyte
 .text          0x0000000080000e80       0x50 ../elibc/util.o
                0x0000000080000e80                setStats
                0x0000000080000eac                disStats
 .text          0x0000000080000ed0      0x480 /opt/riscv/lib/gcc/riscv32-unknown-elf/10.2.0/libgcc.a(_divdi3.o)
                0x0000000080000ed0                __divdi3
 .text          0x0000000080001350      0x7d8 /opt/riscv/lib/gcc/riscv32-unknown-elf/10.2.0/libgcc.a(adddf3.o)
                0x0000000080001350                __adddf3
 .text          0x0000000080001b28       0xe4 /opt/riscv/lib/gcc/riscv32-unknown-elf/10.2.0/libgcc.a(ledf2.o)
                0x0000000080001b28                __ltdf2
                0x0000000080001b28                __ledf2
 .text          0x0000000080001c0c      0x5c8 /opt/riscv/lib/gcc/riscv32-unknown-elf/10.2.0/libgcc.a(muldf3.o)
                0x0000000080001c0c                __muldf3
 .text          0x00000000800021d4      0x7ec /opt/riscv/lib/gcc/riscv32-unknown-elf/10.2.0/libgcc.a(subdf3.o)
                0x00000000800021d4                __subdf3
 .text          0x00000000800029c0       0x80 /opt/riscv/lib/gcc/riscv32-unknown-elf/10.2.0/libgcc.a(fixdfsi.o)
                0x00000000800029c0                __fixdfsi
 .text          0x0000000080002a40       0xa8 /opt/riscv/lib/gcc/riscv32-unknown-elf/10.2.0/libgcc.a(floatsidf.o)
                0x0000000080002a40                __floatsidf
 .text          0x0000000080002ae8        0x0 /opt/riscv/lib/gcc/riscv32-unknown-elf/10.2.0/libgcc.a(_clz.o)
 .text          0x0000000080002ae8       0x4c /opt/riscv/lib/gcc/riscv32-unknown-elf/10.2.0/libgcc.a(_clzsi2.o)
                0x0000000080002ae8                __clzsi2

.text.startup   0x0000000080002b34       0xc0
 .text.startup  0x0000000080002b34       0xc0 median_main.o
                0x0000000080002b34                main

.srodata.cst8   0x0000000080002bf8        0x8
 .srodata.cst8  0x0000000080002bf8        0x8 ../elibc/stdio.o

.srodata        0x0000000080002c00        0x8
 .srodata       0x0000000080002c00        0x8 ../elibc/stdlib.o

.eh_frame       0x0000000080002c08       0x28
 .eh_frame      0x0000000080002c08       0x28 /opt/riscv/lib/gcc/riscv32-unknown-elf/10.2.0/libgcc.a(_divdi3.o)

.rela.dyn       0x0000000080002c30        0x0
 .rela.sdata    0x0000000080002c30        0x0 boot.o
 .rela.srodata  0x0000000080002c30        0x0 boot.o

.data           0x0000000080008000      0xff0
 *(.data)
 .data          0x0000000080008000        0x0 boot.o
 .data          0x0000000080008000        0x0 median.o
 .data          0x0000000080008000      0xc80 median_main.o
                0x0000000080008000                input_data
                0x0000000080008640                verify_data
 .data          0x0000000080008c80        0x0 ../elibc/stdio.o
 .data          0x0000000080008c80        0x0 ../elibc/stdlib.o
 .data          0x0000000080008c80        0x0 ../elibc/string.o
 .data          0x0000000080008c80        0x0 ../elibc/time.o
 .data          0x0000000080008c80        0x0 ../elibc/uart.o
 .data          0x0000000080008c80        0x0 ../elibc/util.o
 .data          0x0000000080008c80        0x0 /opt/riscv/lib/gcc/riscv32-unknown-elf/10.2.0/libgcc.a(_divdi3.o)
 .data          0x0000000080008c80        0x0 /opt/riscv/lib/gcc/riscv32-unknown-elf/10.2.0/libgcc.a(adddf3.o)
 .data          0x0000000080008c80        0x0 /opt/riscv/lib/gcc/riscv32-unknown-elf/10.2.0/libgcc.a(ledf2.o)
 .data          0x0000000080008c80        0x0 /opt/riscv/lib/gcc/riscv32-unknown-elf/10.2.0/libgcc.a(muldf3.o)
 .data          0x0000000080008c80        0x0 /opt/riscv/lib/gcc/riscv32-unknown-elf/10.2.0/libgcc.a(subdf3.o)
 .data          0x0000000080008c80        0x0 /opt/riscv/lib/gcc/riscv32-unknown-elf/10.2.0/libgcc.a(fixdfsi.o)
 .data          0x0000000080008c80        0x0 /opt/riscv/lib/gcc/riscv32-unknown-elf/10.2.0/libgcc.a(floatsidf.o)
 .data          0x0000000080008c80        0x0 /opt/riscv/lib/gcc/riscv32-unknown-elf/10.2.0/libgcc.a(_clz.o)
 .data          0x0000000080008c80        0x0 /opt/riscv/lib/gcc/riscv32-unknown-elf/10.2.0/libgcc.a(_clzsi2.o)
 *(.bss)
 .bss           0x0000000080008c80        0x0 boot.o
 .bss           0x0000000080008c80        0x0 median.o
 .bss           0x0000000080008c80        0x0 median_main.o
 .bss           0x0000000080008c80        0x0 ../elibc/stdio.o
 .bss           0x0000000080008c80        0x0 ../elibc/stdlib.o
 .bss           0x0000000080008c80        0x0 ../elibc/string.o
 .bss           0x0000000080008c80        0x0 ../elibc/time.o
 .bss           0x0000000080008c80        0x0 ../elibc/uart.o
 .bss           0x0000000080008c80        0x0 ../elibc/util.o
 .bss           0x0000000080008c80        0x0 /opt/riscv/lib/gcc/riscv32-unknown-elf/10.2.0/libgcc.a(_divdi3.o)
 .bss           0x0000000080008c80        0x0 /opt/riscv/lib/gcc/riscv32-unknown-elf/10.2.0/libgcc.a(adddf3.o)
 .bss           0x0000000080008c80        0x0 /opt/riscv/lib/gcc/riscv32-unknown-elf/10.2.0/libgcc.a(ledf2.o)
 .bss           0x0000000080008c80        0x0 /opt/riscv/lib/gcc/riscv32-unknown-elf/10.2.0/libgcc.a(muldf3.o)
 .bss           0x0000000080008c80        0x0 /opt/riscv/lib/gcc/riscv32-unknown-elf/10.2.0/libgcc.a(subdf3.o)
 .bss           0x0000000080008c80        0x0 /opt/riscv/lib/gcc/riscv32-unknown-elf/10.2.0/libgcc.a(fixdfsi.o)
 .bss           0x0000000080008c80        0x0 /opt/riscv/lib/gcc/riscv32-unknown-elf/10.2.0/libgcc.a(floatsidf.o)
 .bss           0x0000000080008c80        0x0 /opt/riscv/lib/gcc/riscv32-unknown-elf/10.2.0/libgcc.a(_clz.o)
 .bss           0x0000000080008c80        0x0 /opt/riscv/lib/gcc/riscv32-unknown-elf/10.2.0/libgcc.a(_clzsi2.o)
 *(.rodata*)
 .rodata.str1.4
                0x0000000080008c80       0x50 median_main.o
 .rodata.str1.4
                0x0000000080008cd0       0x7d ../elibc/stdio.o
 *fill*         0x0000000080008d4d        0x3 
 .rodata        0x0000000080008d50       0x84 ../elibc/stdio.o
 .rodata        0x0000000080008dd4       0xcc ../elibc/stdlib.o
 .rodata.str1.4
                0x0000000080008ea0       0x11 ../elibc/util.o
 *fill*         0x0000000080008eb1        0x3 
 .rodata        0x0000000080008eb4       0x3c /opt/riscv/lib/gcc/riscv32-unknown-elf/10.2.0/libgcc.a(muldf3.o)
 .rodata        0x0000000080008ef0      0x100 /opt/riscv/lib/gcc/riscv32-unknown-elf/10.2.0/libgcc.a(_clz.o)
                0x0000000080008ef0                __clz_tab
LOAD boot.o
LOAD median.o
LOAD median_main.o
LOAD ../elibc/stdio.o
LOAD ../elibc/stdlib.o
LOAD ../elibc/string.o
LOAD ../elibc/time.o
LOAD ../elibc/uart.o
LOAD ../elibc/util.o
LOAD /opt/riscv/lib/gcc/riscv32-unknown-elf/10.2.0/libgcc.a
OUTPUT(_median.o elf32-littleriscv)

.sdata          0x0000000080008ff0       0x2c
 .sdata         0x0000000080008ff0        0x4 boot.o
                0x0000000080008ff0                stack_top
 .sdata         0x0000000080008ff4       0x1c ../elibc/stdio.o
                0x0000000080008ff4                stderr
                0x0000000080008ff8                stdout
                0x0000000080008ffc                stdin
 .sdata         0x0000000080009010        0xc ../elibc/stdlib.o

.sbss           0x000000008000901c       0x14
 .sbss          0x000000008000901c        0x4 boot.o
                0x000000008000901c                sp_store
 .sbss          0x0000000080009020        0x8 ../elibc/stdio.o
 .sbss          0x0000000080009028        0x8 ../elibc/util.o

.comment        0x0000000000000000       0x12
 .comment       0x0000000000000000       0x12 boot.o
                                         0x13 (size before relaxing)
 .comment       0x0000000000000012       0x13 median.o
 .comment       0x0000000000000012       0x13 median_main.o
 .comment       0x0000000000000012       0x13 ../elibc/stdio.o
 .comment       0x0000000000000012       0x13 ../elibc/stdlib.o
 .comment       0x0000000000000012       0x13 ../elibc/string.o
 .comment       0x0000000000000012       0x13 ../elibc/time.o
 .comment       0x0000000000000012       0x13 ../elibc/uart.o
 .comment       0x0000000000000012       0x13 ../elibc/util.o
 .comment       0x0000000000000012       0x13 /opt/riscv/lib/gcc/riscv32-unknown-elf/10.2.0/libgcc.a(_divdi3.o)
 .comment       0x0000000000000012       0x13 /opt/riscv/lib/gcc/riscv32-unknown-elf/10.2.0/libgcc.a(adddf3.o)
 .comment       0x0000000000000012       0x13 /opt/riscv/lib/gcc/riscv32-unknown-elf/10.2.0/libgcc.a(ledf2.o)
 .comment       0x0000000000000012       0x13 /opt/riscv/lib/gcc/riscv32-unknown-elf/10.2.0/libgcc.a(muldf3.o)
 .comment       0x0000000000000012       0x13 /opt/riscv/lib/gcc/riscv32-unknown-elf/10.2.0/libgcc.a(subdf3.o)
 .comment       0x0000000000000012       0x13 /opt/riscv/lib/gcc/riscv32-unknown-elf/10.2.0/libgcc.a(fixdfsi.o)
 .comment       0x0000000000000012       0x13 /opt/riscv/lib/gcc/riscv32-unknown-elf/10.2.0/libgcc.a(floatsidf.o)
 .comment       0x0000000000000012       0x13 /opt/riscv/lib/gcc/riscv32-unknown-elf/10.2.0/libgcc.a(_clz.o)
 .comment       0x0000000000000012       0x13 /opt/riscv/lib/gcc/riscv32-unknown-elf/10.2.0/libgcc.a(_clzsi2.o)

.riscv.attributes
                0x0000000000000000       0x2a
 .riscv.attributes
                0x0000000000000000       0x21 boot.o
 .riscv.attributes
                0x0000000000000021       0x21 median.o
 .riscv.attributes
                0x0000000000000042       0x21 median_main.o
 .riscv.attributes
                0x0000000000000063       0x21 ../elibc/stdio.o
 .riscv.attributes
                0x0000000000000084       0x21 ../elibc/stdlib.o
 .riscv.attributes
                0x00000000000000a5       0x21 ../elibc/string.o
 .riscv.attributes
                0x00000000000000c6       0x25 ../elibc/time.o
 .riscv.attributes
                0x00000000000000eb       0x21 ../elibc/uart.o
 .riscv.attributes
                0x000000000000010c       0x25 ../elibc/util.o
 .riscv.attributes
                0x0000000000000131       0x26 /opt/riscv/lib/gcc/riscv32-unknown-elf/10.2.0/libgcc.a(_divdi3.o)
 .riscv.attributes
                0x0000000000000157       0x26 /opt/riscv/lib/gcc/riscv32-unknown-elf/10.2.0/libgcc.a(adddf3.o)
 .riscv.attributes
                0x000000000000017d       0x26 /opt/riscv/lib/gcc/riscv32-unknown-elf/10.2.0/libgcc.a(ledf2.o)
 .riscv.attributes
                0x00000000000001a3       0x26 /opt/riscv/lib/gcc/riscv32-unknown-elf/10.2.0/libgcc.a(muldf3.o)
 .riscv.attributes
                0x00000000000001c9       0x26 /opt/riscv/lib/gcc/riscv32-unknown-elf/10.2.0/libgcc.a(subdf3.o)
 .riscv.attributes
                0x00000000000001ef       0x26 /opt/riscv/lib/gcc/riscv32-unknown-elf/10.2.0/libgcc.a(fixdfsi.o)
 .riscv.attributes
                0x0000000000000215       0x26 /opt/riscv/lib/gcc/riscv32-unknown-elf/10.2.0/libgcc.a(floatsidf.o)
 .riscv.attributes
                0x000000000000023b       0x26 /opt/riscv/lib/gcc/riscv32-unknown-elf/10.2.0/libgcc.a(_clz.o)
 .riscv.attributes
                0x0000000000000261       0x26 /opt/riscv/lib/gcc/riscv32-unknown-elf/10.2.0/libgcc.a(_clzsi2.o)

.debug_info     0x0000000000000000     0x2340
 .debug_info    0x0000000000000000      0x7e8 /opt/riscv/lib/gcc/riscv32-unknown-elf/10.2.0/libgcc.a(_divdi3.o)
 .debug_info    0x00000000000007e8      0x581 /opt/riscv/lib/gcc/riscv32-unknown-elf/10.2.0/libgcc.a(adddf3.o)
 .debug_info    0x0000000000000d69      0x253 /opt/riscv/lib/gcc/riscv32-unknown-elf/10.2.0/libgcc.a(ledf2.o)
 .debug_info    0x0000000000000fbc      0x766 /opt/riscv/lib/gcc/riscv32-unknown-elf/10.2.0/libgcc.a(muldf3.o)
 .debug_info    0x0000000000001722      0x581 /opt/riscv/lib/gcc/riscv32-unknown-elf/10.2.0/libgcc.a(subdf3.o)
 .debug_info    0x0000000000001ca3      0x1e7 /opt/riscv/lib/gcc/riscv32-unknown-elf/10.2.0/libgcc.a(fixdfsi.o)
 .debug_info    0x0000000000001e8a      0x29b /opt/riscv/lib/gcc/riscv32-unknown-elf/10.2.0/libgcc.a(floatsidf.o)
 .debug_info    0x0000000000002125       0xd7 /opt/riscv/lib/gcc/riscv32-unknown-elf/10.2.0/libgcc.a(_clz.o)
 .debug_info    0x00000000000021fc      0x144 /opt/riscv/lib/gcc/riscv32-unknown-elf/10.2.0/libgcc.a(_clzsi2.o)

.debug_abbrev   0x0000000000000000      0xb7a
 .debug_abbrev  0x0000000000000000      0x1b5 /opt/riscv/lib/gcc/riscv32-unknown-elf/10.2.0/libgcc.a(_divdi3.o)
 .debug_abbrev  0x00000000000001b5      0x173 /opt/riscv/lib/gcc/riscv32-unknown-elf/10.2.0/libgcc.a(adddf3.o)
 .debug_abbrev  0x0000000000000328      0x15e /opt/riscv/lib/gcc/riscv32-unknown-elf/10.2.0/libgcc.a(ledf2.o)
 .debug_abbrev  0x0000000000000486      0x185 /opt/riscv/lib/gcc/riscv32-unknown-elf/10.2.0/libgcc.a(muldf3.o)
 .debug_abbrev  0x000000000000060b      0x173 /opt/riscv/lib/gcc/riscv32-unknown-elf/10.2.0/libgcc.a(subdf3.o)
 .debug_abbrev  0x000000000000077e      0x15e /opt/riscv/lib/gcc/riscv32-unknown-elf/10.2.0/libgcc.a(fixdfsi.o)
 .debug_abbrev  0x00000000000008dc      0x164 /opt/riscv/lib/gcc/riscv32-unknown-elf/10.2.0/libgcc.a(floatsidf.o)
 .debug_abbrev  0x0000000000000a40       0x70 /opt/riscv/lib/gcc/riscv32-unknown-elf/10.2.0/libgcc.a(_clz.o)
 .debug_abbrev  0x0000000000000ab0       0xca /opt/riscv/lib/gcc/riscv32-unknown-elf/10.2.0/libgcc.a(_clzsi2.o)

.debug_loc      0x0000000000000000     0x3f03
 .debug_loc     0x0000000000000000      0x9fa /opt/riscv/lib/gcc/riscv32-unknown-elf/10.2.0/libgcc.a(_divdi3.o)
 .debug_loc     0x00000000000009fa     0x11ec /opt/riscv/lib/gcc/riscv32-unknown-elf/10.2.0/libgcc.a(adddf3.o)
 .debug_loc     0x0000000000001be6      0x135 /opt/riscv/lib/gcc/riscv32-unknown-elf/10.2.0/libgcc.a(ledf2.o)
 .debug_loc     0x0000000000001d1b      0xd56 /opt/riscv/lib/gcc/riscv32-unknown-elf/10.2.0/libgcc.a(muldf3.o)
 .debug_loc     0x0000000000002a71     0x114d /opt/riscv/lib/gcc/riscv32-unknown-elf/10.2.0/libgcc.a(subdf3.o)
 .debug_loc     0x0000000000003bbe      0x181 /opt/riscv/lib/gcc/riscv32-unknown-elf/10.2.0/libgcc.a(fixdfsi.o)
 .debug_loc     0x0000000000003d3f      0x159 /opt/riscv/lib/gcc/riscv32-unknown-elf/10.2.0/libgcc.a(floatsidf.o)
 .debug_loc     0x0000000000003e98       0x6b /opt/riscv/lib/gcc/riscv32-unknown-elf/10.2.0/libgcc.a(_clzsi2.o)

.debug_aranges  0x0000000000000000      0x118
 .debug_aranges
                0x0000000000000000       0x20 /opt/riscv/lib/gcc/riscv32-unknown-elf/10.2.0/libgcc.a(_divdi3.o)
 .debug_aranges
                0x0000000000000020       0x20 /opt/riscv/lib/gcc/riscv32-unknown-elf/10.2.0/libgcc.a(adddf3.o)
 .debug_aranges
                0x0000000000000040       0x20 /opt/riscv/lib/gcc/riscv32-unknown-elf/10.2.0/libgcc.a(ledf2.o)
 .debug_aranges
                0x0000000000000060       0x20 /opt/riscv/lib/gcc/riscv32-unknown-elf/10.2.0/libgcc.a(muldf3.o)
 .debug_aranges
                0x0000000000000080       0x20 /opt/riscv/lib/gcc/riscv32-unknown-elf/10.2.0/libgcc.a(subdf3.o)
 .debug_aranges
                0x00000000000000a0       0x20 /opt/riscv/lib/gcc/riscv32-unknown-elf/10.2.0/libgcc.a(fixdfsi.o)
 .debug_aranges
                0x00000000000000c0       0x20 /opt/riscv/lib/gcc/riscv32-unknown-elf/10.2.0/libgcc.a(floatsidf.o)
 .debug_aranges
                0x00000000000000e0       0x18 /opt/riscv/lib/gcc/riscv32-unknown-elf/10.2.0/libgcc.a(_clz.o)
 .debug_aranges
                0x00000000000000f8       0x20 /opt/riscv/lib/gcc/riscv32-unknown-elf/10.2.0/libgcc.a(_clzsi2.o)

.debug_ranges   0x0000000000000000      0x860
 .debug_ranges  0x0000000000000000       0xf8 /opt/riscv/lib/gcc/riscv32-unknown-elf/10.2.0/libgcc.a(_divdi3.o)
 .debug_ranges  0x00000000000000f8      0x248 /opt/riscv/lib/gcc/riscv32-unknown-elf/10.2.0/libgcc.a(adddf3.o)
 .debug_ranges  0x0000000000000340       0x50 /opt/riscv/lib/gcc/riscv32-unknown-elf/10.2.0/libgcc.a(ledf2.o)
 .debug_ranges  0x0000000000000390      0x1e0 /opt/riscv/lib/gcc/riscv32-unknown-elf/10.2.0/libgcc.a(muldf3.o)
 .debug_ranges  0x0000000000000570      0x250 /opt/riscv/lib/gcc/riscv32-unknown-elf/10.2.0/libgcc.a(subdf3.o)
 .debug_ranges  0x00000000000007c0       0x18 /opt/riscv/lib/gcc/riscv32-unknown-elf/10.2.0/libgcc.a(fixdfsi.o)
 .debug_ranges  0x00000000000007d8       0x68 /opt/riscv/lib/gcc/riscv32-unknown-elf/10.2.0/libgcc.a(floatsidf.o)
 .debug_ranges  0x0000000000000840       0x20 /opt/riscv/lib/gcc/riscv32-unknown-elf/10.2.0/libgcc.a(_clzsi2.o)

.debug_line     0x0000000000000000     0x3e85
 .debug_line    0x0000000000000000      0x800 /opt/riscv/lib/gcc/riscv32-unknown-elf/10.2.0/libgcc.a(_divdi3.o)
 .debug_line    0x0000000000000800     0x100d /opt/riscv/lib/gcc/riscv32-unknown-elf/10.2.0/libgcc.a(adddf3.o)
 .debug_line    0x000000000000180d      0x2df /opt/riscv/lib/gcc/riscv32-unknown-elf/10.2.0/libgcc.a(ledf2.o)
 .debug_line    0x0000000000001aec      0xd9f /opt/riscv/lib/gcc/riscv32-unknown-elf/10.2.0/libgcc.a(muldf3.o)
 .debug_line    0x000000000000288b     0x1072 /opt/riscv/lib/gcc/riscv32-unknown-elf/10.2.0/libgcc.a(subdf3.o)
 .debug_line    0x00000000000038fd      0x20e /opt/riscv/lib/gcc/riscv32-unknown-elf/10.2.0/libgcc.a(fixdfsi.o)
 .debug_line    0x0000000000003b0b      0x248 /opt/riscv/lib/gcc/riscv32-unknown-elf/10.2.0/libgcc.a(floatsidf.o)
 .debug_line    0x0000000000003d53       0x53 /opt/riscv/lib/gcc/riscv32-unknown-elf/10.2.0/libgcc.a(_clz.o)
 .debug_line    0x0000000000003da6       0xdf /opt/riscv/lib/gcc/riscv32-unknown-elf/10.2.0/libgcc.a(_clzsi2.o)

.debug_str      0x0000000000000000      0x831
 .debug_str     0x0000000000000000      0x273 /opt/riscv/lib/gcc/riscv32-unknown-elf/10.2.0/libgcc.a(_divdi3.o)
                                        0x2d3 (size before relaxing)
 .debug_str     0x0000000000000273      0x24f /opt/riscv/lib/gcc/riscv32-unknown-elf/10.2.0/libgcc.a(adddf3.o)
                                        0x32f (size before relaxing)
 .debug_str     0x00000000000004c2       0x77 /opt/riscv/lib/gcc/riscv32-unknown-elf/10.2.0/libgcc.a(ledf2.o)
                                        0x264 (size before relaxing)
 .debug_str     0x0000000000000539      0x20e /opt/riscv/lib/gcc/riscv32-unknown-elf/10.2.0/libgcc.a(muldf3.o)
                                        0x449 (size before relaxing)
 .debug_str     0x0000000000000747       0x36 /opt/riscv/lib/gcc/riscv32-unknown-elf/10.2.0/libgcc.a(subdf3.o)
                                        0x32f (size before relaxing)
 .debug_str     0x000000000000077d       0x4b /opt/riscv/lib/gcc/riscv32-unknown-elf/10.2.0/libgcc.a(fixdfsi.o)
                                        0x23d (size before relaxing)
 .debug_str     0x00000000000007c8       0x69 /opt/riscv/lib/gcc/riscv32-unknown-elf/10.2.0/libgcc.a(floatsidf.o)
                                        0x2dc (size before relaxing)
 .debug_str     0x0000000000000831      0x21b /opt/riscv/lib/gcc/riscv32-unknown-elf/10.2.0/libgcc.a(_clz.o)
 .debug_str     0x0000000000000831      0x238 /opt/riscv/lib/gcc/riscv32-unknown-elf/10.2.0/libgcc.a(_clzsi2.o)

.debug_frame    0x0000000000000000      0x174
 .debug_frame   0x0000000000000000       0x44 /opt/riscv/lib/gcc/riscv32-unknown-elf/10.2.0/libgcc.a(adddf3.o)
 .debug_frame   0x0000000000000044       0x20 /opt/riscv/lib/gcc/riscv32-unknown-elf/10.2.0/libgcc.a(ledf2.o)
 .debug_frame   0x0000000000000064       0x54 /opt/riscv/lib/gcc/riscv32-unknown-elf/10.2.0/libgcc.a(muldf3.o)
 .debug_frame   0x00000000000000b8       0x44 /opt/riscv/lib/gcc/riscv32-unknown-elf/10.2.0/libgcc.a(subdf3.o)
 .debug_frame   0x00000000000000fc       0x20 /opt/riscv/lib/gcc/riscv32-unknown-elf/10.2.0/libgcc.a(fixdfsi.o)
 .debug_frame   0x000000000000011c       0x38 /opt/riscv/lib/gcc/riscv32-unknown-elf/10.2.0/libgcc.a(floatsidf.o)
 .debug_frame   0x0000000000000154       0x20 /opt/riscv/lib/gcc/riscv32-unknown-elf/10.2.0/libgcc.a(_clzsi2.o)
