Archive member included to satisfy reference by file (symbol)

/opt/riscv/lib/gcc/riscv32-unknown-elf/10.2.0/libgcc.a(_divdi3.o)
                              ../elibc/time.o (__divdi3)
/opt/riscv/lib/gcc/riscv32-unknown-elf/10.2.0/libgcc.a(adddf3.o)
                              ../elibc/stdio.o (__adddf3)
/opt/riscv/lib/gcc/riscv32-unknown-elf/10.2.0/libgcc.a(ledf2.o)
                              ../elibc/stdio.o (__ltdf2)
/opt/riscv/lib/gcc/riscv32-unknown-elf/10.2.0/libgcc.a(muldf3.o)
                              ../elibc/stdio.o (__muldf3)
/opt/riscv/lib/gcc/riscv32-unknown-elf/10.2.0/libgcc.a(subdf3.o)
                              ../elibc/stdio.o (__subdf3)
/opt/riscv/lib/gcc/riscv32-unknown-elf/10.2.0/libgcc.a(fixdfsi.o)
                              ../elibc/stdio.o (__fixdfsi)
/opt/riscv/lib/gcc/riscv32-unknown-elf/10.2.0/libgcc.a(floatsidf.o)
                              ../elibc/stdio.o (__floatsidf)
/opt/riscv/lib/gcc/riscv32-unknown-elf/10.2.0/libgcc.a(_clz.o)
                              /opt/riscv/lib/gcc/riscv32-unknown-elf/10.2.0/libgcc.a(_divdi3.o) (__clz_tab)
/opt/riscv/lib/gcc/riscv32-unknown-elf/10.2.0/libgcc.a(_clzsi2.o)
                              /opt/riscv/lib/gcc/riscv32-unknown-elf/10.2.0/libgcc.a(adddf3.o) (__clzsi2)

Memory Configuration

Name             Origin             Length             Attributes
code_ram         0x0000000080000000 0x0000000000008000 xr !rw
data_ram         0x0000000080008000 0x0000000001000000 rw !x
*default*        0x0000000000000000 0xffffffffffffffff

Linker script and memory map

                0x0000000090000000                __heap_start = 0x90000000
                0x000000001fff0000                __heap_size = 0x1fff0000
                0x00000000bfff0000                __stack_top = 0xbfff0000

.text           0x0000000080000000     0x2af8
 boot.o(.text)
 .text          0x0000000080000000       0x30 boot.o
                0x0000000080000000                boot
 *(.text)
 .text          0x0000000080000030       0x2c multiply.o
                0x0000000080000030                multiply
 .text          0x000000008000005c        0x0 multiply_main.o
 .text          0x000000008000005c      0x850 ../elibc/stdio.o
                0x000000008000005c                getchar
                0x0000000080000074                putchar
                0x00000000800000a0                fputs
                0x000000008000015c                fgets
                0x0000000080000264                putd
                0x0000000080000328                putx
                0x00000000800003f0                putf
                0x00000000800005c4                printf
 .text          0x00000000800008ac      0x2b8 ../elibc/stdlib.o
                0x00000000800008ac                exit
                0x00000000800008f8                malloc
                0x0000000080000a2c                free
                0x0000000080000a3c                calloc
                0x0000000080000a80                atoi
                0x0000000080000b18                abs
                0x0000000080000b28                srand
                0x0000000080000b34                rand
 .text          0x0000000080000b64      0x260 ../elibc/string.o
                0x0000000080000b64                memcpy
                0x0000000080000b88                memmove
                0x0000000080000be4                memset
                0x0000000080000c04                strlen
                0x0000000080000c2c                strcpy
                0x0000000080000c54                strncpy
                0x0000000080000cac                strcat
                0x0000000080000cf0                strncat
                0x0000000080000d44                strcmp
                0x0000000080000d80                strncmp
 .text          0x0000000080000dc4       0x28 ../elibc/time.o
                0x0000000080000dc4                clock
 .text          0x0000000080000dec       0x58 ../elibc/uart.o
                0x0000000080000dec                inbyte
                0x0000000080000e08                outbyte
 .text          0x0000000080000e44       0x50 ../elibc/util.o
                0x0000000080000e44                setStats
                0x0000000080000e70                disStats
 .text          0x0000000080000e94      0x480 /opt/riscv/lib/gcc/riscv32-unknown-elf/10.2.0/libgcc.a(_divdi3.o)
                0x0000000080000e94                __divdi3
 .text          0x0000000080001314      0x7d8 /opt/riscv/lib/gcc/riscv32-unknown-elf/10.2.0/libgcc.a(adddf3.o)
                0x0000000080001314                __adddf3
 .text          0x0000000080001aec       0xe4 /opt/riscv/lib/gcc/riscv32-unknown-elf/10.2.0/libgcc.a(ledf2.o)
                0x0000000080001aec                __ltdf2
                0x0000000080001aec                __ledf2
 .text          0x0000000080001bd0      0x5c8 /opt/riscv/lib/gcc/riscv32-unknown-elf/10.2.0/libgcc.a(muldf3.o)
                0x0000000080001bd0                __muldf3
 .text          0x0000000080002198      0x7ec /opt/riscv/lib/gcc/riscv32-unknown-elf/10.2.0/libgcc.a(subdf3.o)
                0x0000000080002198                __subdf3
 .text          0x0000000080002984       0x80 /opt/riscv/lib/gcc/riscv32-unknown-elf/10.2.0/libgcc.a(fixdfsi.o)
                0x0000000080002984                __fixdfsi
 .text          0x0000000080002a04       0xa8 /opt/riscv/lib/gcc/riscv32-unknown-elf/10.2.0/libgcc.a(floatsidf.o)
                0x0000000080002a04                __floatsidf
 .text          0x0000000080002aac        0x0 /opt/riscv/lib/gcc/riscv32-unknown-elf/10.2.0/libgcc.a(_clz.o)
 .text          0x0000000080002aac       0x4c /opt/riscv/lib/gcc/riscv32-unknown-elf/10.2.0/libgcc.a(_clzsi2.o)
                0x0000000080002aac                __clzsi2

.text.startup   0x0000000080002af8       0xe4
 .text.startup  0x0000000080002af8       0xe4 multiply_main.o
                0x0000000080002af8                main

.srodata.cst8   0x0000000080002be0        0x8
 .srodata.cst8  0x0000000080002be0        0x8 ../elibc/stdio.o

.srodata        0x0000000080002be8        0x8
 .srodata       0x0000000080002be8        0x8 ../elibc/stdlib.o

.eh_frame       0x0000000080002bf0       0x28
 .eh_frame      0x0000000080002bf0       0x28 /opt/riscv/lib/gcc/riscv32-unknown-elf/10.2.0/libgcc.a(_divdi3.o)

.rela.dyn       0x0000000080002c18        0x0
 .rela.sdata    0x0000000080002c18        0x0 boot.o
 .rela.srodata  0x0000000080002c18        0x0 boot.o

.data           0x0000000080008000      0x7dc
 *(.data)
 .data          0x0000000080008000        0x0 boot.o
 .data          0x0000000080008000        0x0 multiply.o
 .data          0x0000000080008000      0x4b0 multiply_main.o
                0x0000000080008000                input_data1
                0x0000000080008190                input_data2
                0x0000000080008320                verify_data
 .data          0x00000000800084b0        0x0 ../elibc/stdio.o
 .data          0x00000000800084b0        0x0 ../elibc/stdlib.o
 .data          0x00000000800084b0        0x0 ../elibc/string.o
 .data          0x00000000800084b0        0x0 ../elibc/time.o
 .data          0x00000000800084b0        0x0 ../elibc/uart.o
 .data          0x00000000800084b0        0x0 ../elibc/util.o
 .data          0x00000000800084b0        0x0 /opt/riscv/lib/gcc/riscv32-unknown-elf/10.2.0/libgcc.a(_divdi3.o)
 .data          0x00000000800084b0        0x0 /opt/riscv/lib/gcc/riscv32-unknown-elf/10.2.0/libgcc.a(adddf3.o)
 .data          0x00000000800084b0        0x0 /opt/riscv/lib/gcc/riscv32-unknown-elf/10.2.0/libgcc.a(ledf2.o)
 .data          0x00000000800084b0        0x0 /opt/riscv/lib/gcc/riscv32-unknown-elf/10.2.0/libgcc.a(muldf3.o)
 .data          0x00000000800084b0        0x0 /opt/riscv/lib/gcc/riscv32-unknown-elf/10.2.0/libgcc.a(subdf3.o)
 .data          0x00000000800084b0        0x0 /opt/riscv/lib/gcc/riscv32-unknown-elf/10.2.0/libgcc.a(fixdfsi.o)
 .data          0x00000000800084b0        0x0 /opt/riscv/lib/gcc/riscv32-unknown-elf/10.2.0/libgcc.a(floatsidf.o)
 .data          0x00000000800084b0        0x0 /opt/riscv/lib/gcc/riscv32-unknown-elf/10.2.0/libgcc.a(_clz.o)
 .data          0x00000000800084b0        0x0 /opt/riscv/lib/gcc/riscv32-unknown-elf/10.2.0/libgcc.a(_clzsi2.o)
 *(.bss)
 .bss           0x00000000800084b0        0x0 boot.o
 .bss           0x00000000800084b0        0x0 multiply.o
 .bss           0x00000000800084b0        0x0 multiply_main.o
 .bss           0x00000000800084b0        0x0 ../elibc/stdio.o
 .bss           0x00000000800084b0        0x0 ../elibc/stdlib.o
 .bss           0x00000000800084b0        0x0 ../elibc/string.o
 .bss           0x00000000800084b0        0x0 ../elibc/time.o
 .bss           0x00000000800084b0        0x0 ../elibc/uart.o
 .bss           0x00000000800084b0        0x0 ../elibc/util.o
 .bss           0x00000000800084b0        0x0 /opt/riscv/lib/gcc/riscv32-unknown-elf/10.2.0/libgcc.a(_divdi3.o)
 .bss           0x00000000800084b0        0x0 /opt/riscv/lib/gcc/riscv32-unknown-elf/10.2.0/libgcc.a(adddf3.o)
 .bss           0x00000000800084b0        0x0 /opt/riscv/lib/gcc/riscv32-unknown-elf/10.2.0/libgcc.a(ledf2.o)
 .bss           0x00000000800084b0        0x0 /opt/riscv/lib/gcc/riscv32-unknown-elf/10.2.0/libgcc.a(muldf3.o)
 .bss           0x00000000800084b0        0x0 /opt/riscv/lib/gcc/riscv32-unknown-elf/10.2.0/libgcc.a(subdf3.o)
 .bss           0x00000000800084b0        0x0 /opt/riscv/lib/gcc/riscv32-unknown-elf/10.2.0/libgcc.a(fixdfsi.o)
 .bss           0x00000000800084b0        0x0 /opt/riscv/lib/gcc/riscv32-unknown-elf/10.2.0/libgcc.a(floatsidf.o)
 .bss           0x00000000800084b0        0x0 /opt/riscv/lib/gcc/riscv32-unknown-elf/10.2.0/libgcc.a(_clz.o)
 .bss           0x00000000800084b0        0x0 /opt/riscv/lib/gcc/riscv32-unknown-elf/10.2.0/libgcc.a(_clzsi2.o)
 *(.rodata*)
 .rodata.str1.4
                0x00000000800084b0        0xa multiply_main.o
 *fill*         0x00000000800084ba        0x2 
 .rodata.str1.4
                0x00000000800084bc       0x7d ../elibc/stdio.o
 *fill*         0x0000000080008539        0x3 
 .rodata        0x000000008000853c       0x84 ../elibc/stdio.o
 .rodata        0x00000000800085c0       0xcc ../elibc/stdlib.o
 .rodata.str1.4
                0x000000008000868c       0x11 ../elibc/util.o
 *fill*         0x000000008000869d        0x3 
 .rodata        0x00000000800086a0       0x3c /opt/riscv/lib/gcc/riscv32-unknown-elf/10.2.0/libgcc.a(muldf3.o)
 .rodata        0x00000000800086dc      0x100 /opt/riscv/lib/gcc/riscv32-unknown-elf/10.2.0/libgcc.a(_clz.o)
                0x00000000800086dc                __clz_tab
LOAD boot.o
LOAD multiply.o
LOAD multiply_main.o
LOAD ../elibc/stdio.o
LOAD ../elibc/stdlib.o
LOAD ../elibc/string.o
LOAD ../elibc/time.o
LOAD ../elibc/uart.o
LOAD ../elibc/util.o
LOAD /opt/riscv/lib/gcc/riscv32-unknown-elf/10.2.0/libgcc.a
OUTPUT(_multiply.o elf32-littleriscv)

.sdata          0x00000000800087dc       0x2c
 .sdata         0x00000000800087dc        0x4 boot.o
                0x00000000800087dc                stack_top
 .sdata         0x00000000800087e0       0x1c ../elibc/stdio.o
                0x00000000800087e0                stderr
                0x00000000800087e4                stdout
                0x00000000800087e8                stdin
 .sdata         0x00000000800087fc        0xc ../elibc/stdlib.o

.sbss           0x0000000080008808       0x14
 .sbss          0x0000000080008808        0x4 boot.o
                0x0000000080008808                sp_store
 .sbss          0x000000008000880c        0x8 ../elibc/stdio.o
 .sbss          0x0000000080008814        0x8 ../elibc/util.o

.comment        0x0000000000000000       0x12
 .comment       0x0000000000000000       0x12 boot.o
                                         0x13 (size before relaxing)
 .comment       0x0000000000000012       0x13 multiply.o
 .comment       0x0000000000000012       0x13 multiply_main.o
 .comment       0x0000000000000012       0x13 ../elibc/stdio.o
 .comment       0x0000000000000012       0x13 ../elibc/stdlib.o
 .comment       0x0000000000000012       0x13 ../elibc/string.o
 .comment       0x0000000000000012       0x13 ../elibc/time.o
 .comment       0x0000000000000012       0x13 ../elibc/uart.o
 .comment       0x0000000000000012       0x13 ../elibc/util.o
 .comment       0x0000000000000012       0x13 /opt/riscv/lib/gcc/riscv32-unknown-elf/10.2.0/libgcc.a(_divdi3.o)
 .comment       0x0000000000000012       0x13 /opt/riscv/lib/gcc/riscv32-unknown-elf/10.2.0/libgcc.a(adddf3.o)
 .comment       0x0000000000000012       0x13 /opt/riscv/lib/gcc/riscv32-unknown-elf/10.2.0/libgcc.a(ledf2.o)
 .comment       0x0000000000000012       0x13 /opt/riscv/lib/gcc/riscv32-unknown-elf/10.2.0/libgcc.a(muldf3.o)
 .comment       0x0000000000000012       0x13 /opt/riscv/lib/gcc/riscv32-unknown-elf/10.2.0/libgcc.a(subdf3.o)
 .comment       0x0000000000000012       0x13 /opt/riscv/lib/gcc/riscv32-unknown-elf/10.2.0/libgcc.a(fixdfsi.o)
 .comment       0x0000000000000012       0x13 /opt/riscv/lib/gcc/riscv32-unknown-elf/10.2.0/libgcc.a(floatsidf.o)
 .comment       0x0000000000000012       0x13 /opt/riscv/lib/gcc/riscv32-unknown-elf/10.2.0/libgcc.a(_clz.o)
 .comment       0x0000000000000012       0x13 /opt/riscv/lib/gcc/riscv32-unknown-elf/10.2.0/libgcc.a(_clzsi2.o)

.riscv.attributes
                0x0000000000000000       0x2a
 .riscv.attributes
                0x0000000000000000       0x21 boot.o
 .riscv.attributes
                0x0000000000000021       0x21 multiply.o
 .riscv.attributes
                0x0000000000000042       0x21 multiply_main.o
 .riscv.attributes
                0x0000000000000063       0x21 ../elibc/stdio.o
 .riscv.attributes
                0x0000000000000084       0x21 ../elibc/stdlib.o
 .riscv.attributes
                0x00000000000000a5       0x21 ../elibc/string.o
 .riscv.attributes
                0x00000000000000c6       0x25 ../elibc/time.o
 .riscv.attributes
                0x00000000000000eb       0x21 ../elibc/uart.o
 .riscv.attributes
                0x000000000000010c       0x25 ../elibc/util.o
 .riscv.attributes
                0x0000000000000131       0x26 /opt/riscv/lib/gcc/riscv32-unknown-elf/10.2.0/libgcc.a(_divdi3.o)
 .riscv.attributes
                0x0000000000000157       0x26 /opt/riscv/lib/gcc/riscv32-unknown-elf/10.2.0/libgcc.a(adddf3.o)
 .riscv.attributes
                0x000000000000017d       0x26 /opt/riscv/lib/gcc/riscv32-unknown-elf/10.2.0/libgcc.a(ledf2.o)
 .riscv.attributes
                0x00000000000001a3       0x26 /opt/riscv/lib/gcc/riscv32-unknown-elf/10.2.0/libgcc.a(muldf3.o)
 .riscv.attributes
                0x00000000000001c9       0x26 /opt/riscv/lib/gcc/riscv32-unknown-elf/10.2.0/libgcc.a(subdf3.o)
 .riscv.attributes
                0x00000000000001ef       0x26 /opt/riscv/lib/gcc/riscv32-unknown-elf/10.2.0/libgcc.a(fixdfsi.o)
 .riscv.attributes
                0x0000000000000215       0x26 /opt/riscv/lib/gcc/riscv32-unknown-elf/10.2.0/libgcc.a(floatsidf.o)
 .riscv.attributes
                0x000000000000023b       0x26 /opt/riscv/lib/gcc/riscv32-unknown-elf/10.2.0/libgcc.a(_clz.o)
 .riscv.attributes
                0x0000000000000261       0x26 /opt/riscv/lib/gcc/riscv32-unknown-elf/10.2.0/libgcc.a(_clzsi2.o)

.debug_info     0x0000000000000000     0x2340
 .debug_info    0x0000000000000000      0x7e8 /opt/riscv/lib/gcc/riscv32-unknown-elf/10.2.0/libgcc.a(_divdi3.o)
 .debug_info    0x00000000000007e8      0x581 /opt/riscv/lib/gcc/riscv32-unknown-elf/10.2.0/libgcc.a(adddf3.o)
 .debug_info    0x0000000000000d69      0x253 /opt/riscv/lib/gcc/riscv32-unknown-elf/10.2.0/libgcc.a(ledf2.o)
 .debug_info    0x0000000000000fbc      0x766 /opt/riscv/lib/gcc/riscv32-unknown-elf/10.2.0/libgcc.a(muldf3.o)
 .debug_info    0x0000000000001722      0x581 /opt/riscv/lib/gcc/riscv32-unknown-elf/10.2.0/libgcc.a(subdf3.o)
 .debug_info    0x0000000000001ca3      0x1e7 /opt/riscv/lib/gcc/riscv32-unknown-elf/10.2.0/libgcc.a(fixdfsi.o)
 .debug_info    0x0000000000001e8a      0x29b /opt/riscv/lib/gcc/riscv32-unknown-elf/10.2.0/libgcc.a(floatsidf.o)
 .debug_info    0x0000000000002125       0xd7 /opt/riscv/lib/gcc/riscv32-unknown-elf/10.2.0/libgcc.a(_clz.o)
 .debug_info    0x00000000000021fc      0x144 /opt/riscv/lib/gcc/riscv32-unknown-elf/10.2.0/libgcc.a(_clzsi2.o)

.debug_abbrev   0x0000000000000000      0xb7a
 .debug_abbrev  0x0000000000000000      0x1b5 /opt/riscv/lib/gcc/riscv32-unknown-elf/10.2.0/libgcc.a(_divdi3.o)
 .debug_abbrev  0x00000000000001b5      0x173 /opt/riscv/lib/gcc/riscv32-unknown-elf/10.2.0/libgcc.a(adddf3.o)
 .debug_abbrev  0x0000000000000328      0x15e /opt/riscv/lib/gcc/riscv32-unknown-elf/10.2.0/libgcc.a(ledf2.o)
 .debug_abbrev  0x0000000000000486      0x185 /opt/riscv/lib/gcc/riscv32-unknown-elf/10.2.0/libgcc.a(muldf3.o)
 .debug_abbrev  0x000000000000060b      0x173 /opt/riscv/lib/gcc/riscv32-unknown-elf/10.2.0/libgcc.a(subdf3.o)
 .debug_abbrev  0x000000000000077e      0x15e /opt/riscv/lib/gcc/riscv32-unknown-elf/10.2.0/libgcc.a(fixdfsi.o)
 .debug_abbrev  0x00000000000008dc      0x164 /opt/riscv/lib/gcc/riscv32-unknown-elf/10.2.0/libgcc.a(floatsidf.o)
 .debug_abbrev  0x0000000000000a40       0x70 /opt/riscv/lib/gcc/riscv32-unknown-elf/10.2.0/libgcc.a(_clz.o)
 .debug_abbrev  0x0000000000000ab0       0xca /opt/riscv/lib/gcc/riscv32-unknown-elf/10.2.0/libgcc.a(_clzsi2.o)

.debug_loc      0x0000000000000000     0x3f03
 .debug_loc     0x0000000000000000      0x9fa /opt/riscv/lib/gcc/riscv32-unknown-elf/10.2.0/libgcc.a(_divdi3.o)
 .debug_loc     0x00000000000009fa     0x11ec /opt/riscv/lib/gcc/riscv32-unknown-elf/10.2.0/libgcc.a(adddf3.o)
 .debug_loc     0x0000000000001be6      0x135 /opt/riscv/lib/gcc/riscv32-unknown-elf/10.2.0/libgcc.a(ledf2.o)
 .debug_loc     0x0000000000001d1b      0xd56 /opt/riscv/lib/gcc/riscv32-unknown-elf/10.2.0/libgcc.a(muldf3.o)
 .debug_loc     0x0000000000002a71     0x114d /opt/riscv/lib/gcc/riscv32-unknown-elf/10.2.0/libgcc.a(subdf3.o)
 .debug_loc     0x0000000000003bbe      0x181 /opt/riscv/lib/gcc/riscv32-unknown-elf/10.2.0/libgcc.a(fixdfsi.o)
 .debug_loc     0x0000000000003d3f      0x159 /opt/riscv/lib/gcc/riscv32-unknown-elf/10.2.0/libgcc.a(floatsidf.o)
 .debug_loc     0x0000000000003e98       0x6b /opt/riscv/lib/gcc/riscv32-unknown-elf/10.2.0/libgcc.a(_clzsi2.o)

.debug_aranges  0x0000000000000000      0x118
 .debug_aranges
                0x0000000000000000       0x20 /opt/riscv/lib/gcc/riscv32-unknown-elf/10.2.0/libgcc.a(_divdi3.o)
 .debug_aranges
                0x0000000000000020       0x20 /opt/riscv/lib/gcc/riscv32-unknown-elf/10.2.0/libgcc.a(adddf3.o)
 .debug_aranges
                0x0000000000000040       0x20 /opt/riscv/lib/gcc/riscv32-unknown-elf/10.2.0/libgcc.a(ledf2.o)
 .debug_aranges
                0x0000000000000060       0x20 /opt/riscv/lib/gcc/riscv32-unknown-elf/10.2.0/libgcc.a(muldf3.o)
 .debug_aranges
                0x0000000000000080       0x20 /opt/riscv/lib/gcc/riscv32-unknown-elf/10.2.0/libgcc.a(subdf3.o)
 .debug_aranges
                0x00000000000000a0       0x20 /opt/riscv/lib/gcc/riscv32-unknown-elf/10.2.0/libgcc.a(fixdfsi.o)
 .debug_aranges
                0x00000000000000c0       0x20 /opt/riscv/lib/gcc/riscv32-unknown-elf/10.2.0/libgcc.a(floatsidf.o)
 .debug_aranges
                0x00000000000000e0       0x18 /opt/riscv/lib/gcc/riscv32-unknown-elf/10.2.0/libgcc.a(_clz.o)
 .debug_aranges
                0x00000000000000f8       0x20 /opt/riscv/lib/gcc/riscv32-unknown-elf/10.2.0/libgcc.a(_clzsi2.o)

.debug_ranges   0x0000000000000000      0x860
 .debug_ranges  0x0000000000000000       0xf8 /opt/riscv/lib/gcc/riscv32-unknown-elf/10.2.0/libgcc.a(_divdi3.o)
 .debug_ranges  0x00000000000000f8      0x248 /opt/riscv/lib/gcc/riscv32-unknown-elf/10.2.0/libgcc.a(adddf3.o)
 .debug_ranges  0x0000000000000340       0x50 /opt/riscv/lib/gcc/riscv32-unknown-elf/10.2.0/libgcc.a(ledf2.o)
 .debug_ranges  0x0000000000000390      0x1e0 /opt/riscv/lib/gcc/riscv32-unknown-elf/10.2.0/libgcc.a(muldf3.o)
 .debug_ranges  0x0000000000000570      0x250 /opt/riscv/lib/gcc/riscv32-unknown-elf/10.2.0/libgcc.a(subdf3.o)
 .debug_ranges  0x00000000000007c0       0x18 /opt/riscv/lib/gcc/riscv32-unknown-elf/10.2.0/libgcc.a(fixdfsi.o)
 .debug_ranges  0x00000000000007d8       0x68 /opt/riscv/lib/gcc/riscv32-unknown-elf/10.2.0/libgcc.a(floatsidf.o)
 .debug_ranges  0x0000000000000840       0x20 /opt/riscv/lib/gcc/riscv32-unknown-elf/10.2.0/libgcc.a(_clzsi2.o)

.debug_line     0x0000000000000000     0x3e85
 .debug_line    0x0000000000000000      0x800 /opt/riscv/lib/gcc/riscv32-unknown-elf/10.2.0/libgcc.a(_divdi3.o)
 .debug_line    0x0000000000000800     0x100d /opt/riscv/lib/gcc/riscv32-unknown-elf/10.2.0/libgcc.a(adddf3.o)
 .debug_line    0x000000000000180d      0x2df /opt/riscv/lib/gcc/riscv32-unknown-elf/10.2.0/libgcc.a(ledf2.o)
 .debug_line    0x0000000000001aec      0xd9f /opt/riscv/lib/gcc/riscv32-unknown-elf/10.2.0/libgcc.a(muldf3.o)
 .debug_line    0x000000000000288b     0x1072 /opt/riscv/lib/gcc/riscv32-unknown-elf/10.2.0/libgcc.a(subdf3.o)
 .debug_line    0x00000000000038fd      0x20e /opt/riscv/lib/gcc/riscv32-unknown-elf/10.2.0/libgcc.a(fixdfsi.o)
 .debug_line    0x0000000000003b0b      0x248 /opt/riscv/lib/gcc/riscv32-unknown-elf/10.2.0/libgcc.a(floatsidf.o)
 .debug_line    0x0000000000003d53       0x53 /opt/riscv/lib/gcc/riscv32-unknown-elf/10.2.0/libgcc.a(_clz.o)
 .debug_line    0x0000000000003da6       0xdf /opt/riscv/lib/gcc/riscv32-unknown-elf/10.2.0/libgcc.a(_clzsi2.o)

.debug_str      0x0000000000000000      0x831
 .debug_str     0x0000000000000000      0x273 /opt/riscv/lib/gcc/riscv32-unknown-elf/10.2.0/libgcc.a(_divdi3.o)
                                        0x2d3 (size before relaxing)
 .debug_str     0x0000000000000273      0x24f /opt/riscv/lib/gcc/riscv32-unknown-elf/10.2.0/libgcc.a(adddf3.o)
                                        0x32f (size before relaxing)
 .debug_str     0x00000000000004c2       0x77 /opt/riscv/lib/gcc/riscv32-unknown-elf/10.2.0/libgcc.a(ledf2.o)
                                        0x264 (size before relaxing)
 .debug_str     0x0000000000000539      0x20e /opt/riscv/lib/gcc/riscv32-unknown-elf/10.2.0/libgcc.a(muldf3.o)
                                        0x449 (size before relaxing)
 .debug_str     0x0000000000000747       0x36 /opt/riscv/lib/gcc/riscv32-unknown-elf/10.2.0/libgcc.a(subdf3.o)
                                        0x32f (size before relaxing)
 .debug_str     0x000000000000077d       0x4b /opt/riscv/lib/gcc/riscv32-unknown-elf/10.2.0/libgcc.a(fixdfsi.o)
                                        0x23d (size before relaxing)
 .debug_str     0x00000000000007c8       0x69 /opt/riscv/lib/gcc/riscv32-unknown-elf/10.2.0/libgcc.a(floatsidf.o)
                                        0x2dc (size before relaxing)
 .debug_str     0x0000000000000831      0x21b /opt/riscv/lib/gcc/riscv32-unknown-elf/10.2.0/libgcc.a(_clz.o)
 .debug_str     0x0000000000000831      0x238 /opt/riscv/lib/gcc/riscv32-unknown-elf/10.2.0/libgcc.a(_clzsi2.o)

.debug_frame    0x0000000000000000      0x174
 .debug_frame   0x0000000000000000       0x44 /opt/riscv/lib/gcc/riscv32-unknown-elf/10.2.0/libgcc.a(adddf3.o)
 .debug_frame   0x0000000000000044       0x20 /opt/riscv/lib/gcc/riscv32-unknown-elf/10.2.0/libgcc.a(ledf2.o)
 .debug_frame   0x0000000000000064       0x54 /opt/riscv/lib/gcc/riscv32-unknown-elf/10.2.0/libgcc.a(muldf3.o)
 .debug_frame   0x00000000000000b8       0x44 /opt/riscv/lib/gcc/riscv32-unknown-elf/10.2.0/libgcc.a(subdf3.o)
 .debug_frame   0x00000000000000fc       0x20 /opt/riscv/lib/gcc/riscv32-unknown-elf/10.2.0/libgcc.a(fixdfsi.o)
 .debug_frame   0x000000000000011c       0x38 /opt/riscv/lib/gcc/riscv32-unknown-elf/10.2.0/libgcc.a(floatsidf.o)
 .debug_frame   0x0000000000000154       0x20 /opt/riscv/lib/gcc/riscv32-unknown-elf/10.2.0/libgcc.a(_clzsi2.o)
