Archive member included to satisfy reference by file (symbol)

/opt/riscv/lib/gcc/riscv32-unknown-elf/10.2.0/libgcc.a(_divdi3.o)
                              ../elibc/time.o (__divdi3)
/opt/riscv/lib/gcc/riscv32-unknown-elf/10.2.0/libgcc.a(adddf3.o)
                              spmv_main.o (__adddf3)
/opt/riscv/lib/gcc/riscv32-unknown-elf/10.2.0/libgcc.a(eqdf2.o)
                              spmv_main.o (__eqdf2)
/opt/riscv/lib/gcc/riscv32-unknown-elf/10.2.0/libgcc.a(ledf2.o)
                              ../elibc/stdio.o (__ltdf2)
/opt/riscv/lib/gcc/riscv32-unknown-elf/10.2.0/libgcc.a(muldf3.o)
                              spmv_main.o (__muldf3)
/opt/riscv/lib/gcc/riscv32-unknown-elf/10.2.0/libgcc.a(subdf3.o)
                              ../elibc/stdio.o (__subdf3)
/opt/riscv/lib/gcc/riscv32-unknown-elf/10.2.0/libgcc.a(fixdfsi.o)
                              ../elibc/stdio.o (__fixdfsi)
/opt/riscv/lib/gcc/riscv32-unknown-elf/10.2.0/libgcc.a(floatsidf.o)
                              ../elibc/stdio.o (__floatsidf)
/opt/riscv/lib/gcc/riscv32-unknown-elf/10.2.0/libgcc.a(_clz.o)
                              /opt/riscv/lib/gcc/riscv32-unknown-elf/10.2.0/libgcc.a(_divdi3.o) (__clz_tab)
/opt/riscv/lib/gcc/riscv32-unknown-elf/10.2.0/libgcc.a(_clzsi2.o)
                              /opt/riscv/lib/gcc/riscv32-unknown-elf/10.2.0/libgcc.a(adddf3.o) (__clzsi2)

Memory Configuration

Name             Origin             Length             Attributes
code_ram         0x0000000080000000 0x0000000000008000 xr !rw
data_ram         0x0000000080008000 0x0000000001000000 rw !x
*default*        0x0000000000000000 0xffffffffffffffff

Linker script and memory map

                0x0000000090000000                __heap_start = 0x90000000
                0x000000001fff0000                __heap_size = 0x1fff0000
                0x00000000bfff0000                __stack_top = 0xbfff0000

.text           0x0000000080000000     0x2e74
 boot.o(.text)
 .text          0x0000000080000000       0x30 boot.o
                0x0000000080000000                boot
 *(.text)
 .text          0x0000000080000030      0x31c spmv_main.o
                0x0000000080000030                spmv
 .text          0x000000008000034c      0x850 ../elibc/stdio.o
                0x000000008000034c                getchar
                0x0000000080000364                putchar
                0x0000000080000390                fputs
                0x000000008000044c                fgets
                0x0000000080000554                putd
                0x0000000080000618                putx
                0x00000000800006e0                putf
                0x00000000800008b4                printf
 .text          0x0000000080000b9c      0x2b8 ../elibc/stdlib.o
                0x0000000080000b9c                exit
                0x0000000080000be8                malloc
                0x0000000080000d1c                free
                0x0000000080000d2c                calloc
                0x0000000080000d70                atoi
                0x0000000080000e08                abs
                0x0000000080000e18                srand
                0x0000000080000e24                rand
 .text          0x0000000080000e54      0x260 ../elibc/string.o
                0x0000000080000e54                memcpy
                0x0000000080000e78                memmove
                0x0000000080000ed4                memset
                0x0000000080000ef4                strlen
                0x0000000080000f1c                strcpy
                0x0000000080000f44                strncpy
                0x0000000080000f9c                strcat
                0x0000000080000fe0                strncat
                0x0000000080001034                strcmp
                0x0000000080001070                strncmp
 .text          0x00000000800010b4       0x28 ../elibc/time.o
                0x00000000800010b4                clock
 .text          0x00000000800010dc       0x58 ../elibc/uart.o
                0x00000000800010dc                inbyte
                0x00000000800010f8                outbyte
 .text          0x0000000080001134       0x50 ../elibc/util.o
                0x0000000080001134                setStats
                0x0000000080001160                disStats
 .text          0x0000000080001184      0x480 /opt/riscv/lib/gcc/riscv32-unknown-elf/10.2.0/libgcc.a(_divdi3.o)
                0x0000000080001184                __divdi3
 .text          0x0000000080001604      0x7d8 /opt/riscv/lib/gcc/riscv32-unknown-elf/10.2.0/libgcc.a(adddf3.o)
                0x0000000080001604                __adddf3
 .text          0x0000000080001ddc       0x8c /opt/riscv/lib/gcc/riscv32-unknown-elf/10.2.0/libgcc.a(eqdf2.o)
                0x0000000080001ddc                __eqdf2
                0x0000000080001ddc                __nedf2
 .text          0x0000000080001e68       0xe4 /opt/riscv/lib/gcc/riscv32-unknown-elf/10.2.0/libgcc.a(ledf2.o)
                0x0000000080001e68                __ltdf2
                0x0000000080001e68                __ledf2
 .text          0x0000000080001f4c      0x5c8 /opt/riscv/lib/gcc/riscv32-unknown-elf/10.2.0/libgcc.a(muldf3.o)
                0x0000000080001f4c                __muldf3
 .text          0x0000000080002514      0x7ec /opt/riscv/lib/gcc/riscv32-unknown-elf/10.2.0/libgcc.a(subdf3.o)
                0x0000000080002514                __subdf3
 .text          0x0000000080002d00       0x80 /opt/riscv/lib/gcc/riscv32-unknown-elf/10.2.0/libgcc.a(fixdfsi.o)
                0x0000000080002d00                __fixdfsi
 .text          0x0000000080002d80       0xa8 /opt/riscv/lib/gcc/riscv32-unknown-elf/10.2.0/libgcc.a(floatsidf.o)
                0x0000000080002d80                __floatsidf
 .text          0x0000000080002e28        0x0 /opt/riscv/lib/gcc/riscv32-unknown-elf/10.2.0/libgcc.a(_clz.o)
 .text          0x0000000080002e28       0x4c /opt/riscv/lib/gcc/riscv32-unknown-elf/10.2.0/libgcc.a(_clzsi2.o)
                0x0000000080002e28                __clzsi2

.text.startup   0x0000000080002e74      0x144
 .text.startup  0x0000000080002e74      0x144 spmv_main.o
                0x0000000080002e74                main

.srodata.cst8   0x0000000080002fb8       0x10
 .srodata.cst8  0x0000000080002fb8        0x8 spmv_main.o
 .srodata.cst8  0x0000000080002fc0        0x8 ../elibc/stdio.o

.srodata        0x0000000080002fc8        0x8
 .srodata       0x0000000080002fc8        0x8 ../elibc/stdlib.o

.eh_frame       0x0000000080002fd0       0x28
 .eh_frame      0x0000000080002fd0       0x28 /opt/riscv/lib/gcc/riscv32-unknown-elf/10.2.0/libgcc.a(_divdi3.o)

.rela.dyn       0x0000000080002ff8        0x0
 .rela.sdata    0x0000000080002ff8        0x0 boot.o
 .rela.srodata  0x0000000080002ff8        0x0 boot.o

.data           0x0000000080008000     0x9ac8
 *(.data)
 .data          0x0000000080008000        0x0 boot.o
 .data          0x0000000080008000        0x0 spmv_main.o
 .data          0x0000000080008000        0x0 ../elibc/stdio.o
 .data          0x0000000080008000        0x0 ../elibc/stdlib.o
 .data          0x0000000080008000        0x0 ../elibc/string.o
 .data          0x0000000080008000        0x0 ../elibc/time.o
 .data          0x0000000080008000        0x0 ../elibc/uart.o
 .data          0x0000000080008000        0x0 ../elibc/util.o
 .data          0x0000000080008000        0x0 /opt/riscv/lib/gcc/riscv32-unknown-elf/10.2.0/libgcc.a(_divdi3.o)
 .data          0x0000000080008000        0x0 /opt/riscv/lib/gcc/riscv32-unknown-elf/10.2.0/libgcc.a(adddf3.o)
 .data          0x0000000080008000        0x0 /opt/riscv/lib/gcc/riscv32-unknown-elf/10.2.0/libgcc.a(eqdf2.o)
 .data          0x0000000080008000        0x0 /opt/riscv/lib/gcc/riscv32-unknown-elf/10.2.0/libgcc.a(ledf2.o)
 .data          0x0000000080008000        0x0 /opt/riscv/lib/gcc/riscv32-unknown-elf/10.2.0/libgcc.a(muldf3.o)
 .data          0x0000000080008000        0x0 /opt/riscv/lib/gcc/riscv32-unknown-elf/10.2.0/libgcc.a(subdf3.o)
 .data          0x0000000080008000        0x0 /opt/riscv/lib/gcc/riscv32-unknown-elf/10.2.0/libgcc.a(fixdfsi.o)
 .data          0x0000000080008000        0x0 /opt/riscv/lib/gcc/riscv32-unknown-elf/10.2.0/libgcc.a(floatsidf.o)
 .data          0x0000000080008000        0x0 /opt/riscv/lib/gcc/riscv32-unknown-elf/10.2.0/libgcc.a(_clz.o)
 .data          0x0000000080008000        0x0 /opt/riscv/lib/gcc/riscv32-unknown-elf/10.2.0/libgcc.a(_clzsi2.o)
 *(.bss)
 .bss           0x0000000080008000        0x0 boot.o
 .bss           0x0000000080008000        0x0 spmv_main.o
 .bss           0x0000000080008000        0x0 ../elibc/stdio.o
 .bss           0x0000000080008000        0x0 ../elibc/stdlib.o
 .bss           0x0000000080008000        0x0 ../elibc/string.o
 .bss           0x0000000080008000        0x0 ../elibc/time.o
 .bss           0x0000000080008000        0x0 ../elibc/uart.o
 .bss           0x0000000080008000        0x0 ../elibc/util.o
 .bss           0x0000000080008000        0x0 /opt/riscv/lib/gcc/riscv32-unknown-elf/10.2.0/libgcc.a(_divdi3.o)
 .bss           0x0000000080008000        0x0 /opt/riscv/lib/gcc/riscv32-unknown-elf/10.2.0/libgcc.a(adddf3.o)
 .bss           0x0000000080008000        0x0 /opt/riscv/lib/gcc/riscv32-unknown-elf/10.2.0/libgcc.a(eqdf2.o)
 .bss           0x0000000080008000        0x0 /opt/riscv/lib/gcc/riscv32-unknown-elf/10.2.0/libgcc.a(ledf2.o)
 .bss           0x0000000080008000        0x0 /opt/riscv/lib/gcc/riscv32-unknown-elf/10.2.0/libgcc.a(muldf3.o)
 .bss           0x0000000080008000        0x0 /opt/riscv/lib/gcc/riscv32-unknown-elf/10.2.0/libgcc.a(subdf3.o)
 .bss           0x0000000080008000        0x0 /opt/riscv/lib/gcc/riscv32-unknown-elf/10.2.0/libgcc.a(fixdfsi.o)
 .bss           0x0000000080008000        0x0 /opt/riscv/lib/gcc/riscv32-unknown-elf/10.2.0/libgcc.a(floatsidf.o)
 .bss           0x0000000080008000        0x0 /opt/riscv/lib/gcc/riscv32-unknown-elf/10.2.0/libgcc.a(_clz.o)
 .bss           0x0000000080008000        0x0 /opt/riscv/lib/gcc/riscv32-unknown-elf/10.2.0/libgcc.a(_clzsi2.o)
 *(.rodata*)
 .rodata.str1.4
                0x0000000080008000       0x12 spmv_main.o
 *fill*         0x0000000080008012        0x6 
 .rodata        0x0000000080008018     0x9790 spmv_main.o
                0x0000000080008018                ptr
                0x00000000800087f0                verify_data
                0x0000000080009790                x
                0x000000008000a730                idx
                0x000000008000ccb0                val
 .rodata.str1.4
                0x00000000800117a8       0x7d ../elibc/stdio.o
 *fill*         0x0000000080011825        0x3 
 .rodata        0x0000000080011828       0x84 ../elibc/stdio.o
 .rodata        0x00000000800118ac       0xcc ../elibc/stdlib.o
 .rodata.str1.4
                0x0000000080011978       0x11 ../elibc/util.o
 *fill*         0x0000000080011989        0x3 
 .rodata        0x000000008001198c       0x3c /opt/riscv/lib/gcc/riscv32-unknown-elf/10.2.0/libgcc.a(muldf3.o)
 .rodata        0x00000000800119c8      0x100 /opt/riscv/lib/gcc/riscv32-unknown-elf/10.2.0/libgcc.a(_clz.o)
                0x00000000800119c8                __clz_tab
LOAD boot.o
LOAD spmv_main.o
LOAD ../elibc/stdio.o
LOAD ../elibc/stdlib.o
LOAD ../elibc/string.o
LOAD ../elibc/time.o
LOAD ../elibc/uart.o
LOAD ../elibc/util.o
LOAD /opt/riscv/lib/gcc/riscv32-unknown-elf/10.2.0/libgcc.a
OUTPUT(_spmv.o elf32-littleriscv)

.sdata          0x0000000080011ac8       0x2c
 .sdata         0x0000000080011ac8        0x4 boot.o
                0x0000000080011ac8                stack_top
 .sdata         0x0000000080011acc       0x1c ../elibc/stdio.o
                0x0000000080011acc                stderr
                0x0000000080011ad0                stdout
                0x0000000080011ad4                stdin
 .sdata         0x0000000080011ae8        0xc ../elibc/stdlib.o

.sbss           0x0000000080011af4       0x14
 .sbss          0x0000000080011af4        0x4 boot.o
                0x0000000080011af4                sp_store
 .sbss          0x0000000080011af8        0x8 ../elibc/stdio.o
 .sbss          0x0000000080011b00        0x8 ../elibc/util.o

.comment        0x0000000000000000       0x12
 .comment       0x0000000000000000       0x12 boot.o
                                         0x13 (size before relaxing)
 .comment       0x0000000000000012       0x13 spmv_main.o
 .comment       0x0000000000000012       0x13 ../elibc/stdio.o
 .comment       0x0000000000000012       0x13 ../elibc/stdlib.o
 .comment       0x0000000000000012       0x13 ../elibc/string.o
 .comment       0x0000000000000012       0x13 ../elibc/time.o
 .comment       0x0000000000000012       0x13 ../elibc/uart.o
 .comment       0x0000000000000012       0x13 ../elibc/util.o
 .comment       0x0000000000000012       0x13 /opt/riscv/lib/gcc/riscv32-unknown-elf/10.2.0/libgcc.a(_divdi3.o)
 .comment       0x0000000000000012       0x13 /opt/riscv/lib/gcc/riscv32-unknown-elf/10.2.0/libgcc.a(adddf3.o)
 .comment       0x0000000000000012       0x13 /opt/riscv/lib/gcc/riscv32-unknown-elf/10.2.0/libgcc.a(eqdf2.o)
 .comment       0x0000000000000012       0x13 /opt/riscv/lib/gcc/riscv32-unknown-elf/10.2.0/libgcc.a(ledf2.o)
 .comment       0x0000000000000012       0x13 /opt/riscv/lib/gcc/riscv32-unknown-elf/10.2.0/libgcc.a(muldf3.o)
 .comment       0x0000000000000012       0x13 /opt/riscv/lib/gcc/riscv32-unknown-elf/10.2.0/libgcc.a(subdf3.o)
 .comment       0x0000000000000012       0x13 /opt/riscv/lib/gcc/riscv32-unknown-elf/10.2.0/libgcc.a(fixdfsi.o)
 .comment       0x0000000000000012       0x13 /opt/riscv/lib/gcc/riscv32-unknown-elf/10.2.0/libgcc.a(floatsidf.o)
 .comment       0x0000000000000012       0x13 /opt/riscv/lib/gcc/riscv32-unknown-elf/10.2.0/libgcc.a(_clz.o)
 .comment       0x0000000000000012       0x13 /opt/riscv/lib/gcc/riscv32-unknown-elf/10.2.0/libgcc.a(_clzsi2.o)

.riscv.attributes
                0x0000000000000000       0x2a
 .riscv.attributes
                0x0000000000000000       0x21 boot.o
 .riscv.attributes
                0x0000000000000021       0x21 spmv_main.o
 .riscv.attributes
                0x0000000000000042       0x21 ../elibc/stdio.o
 .riscv.attributes
                0x0000000000000063       0x21 ../elibc/stdlib.o
 .riscv.attributes
                0x0000000000000084       0x21 ../elibc/string.o
 .riscv.attributes
                0x00000000000000a5       0x25 ../elibc/time.o
 .riscv.attributes
                0x00000000000000ca       0x21 ../elibc/uart.o
 .riscv.attributes
                0x00000000000000eb       0x25 ../elibc/util.o
 .riscv.attributes
                0x0000000000000110       0x26 /opt/riscv/lib/gcc/riscv32-unknown-elf/10.2.0/libgcc.a(_divdi3.o)
 .riscv.attributes
                0x0000000000000136       0x26 /opt/riscv/lib/gcc/riscv32-unknown-elf/10.2.0/libgcc.a(adddf3.o)
 .riscv.attributes
                0x000000000000015c       0x26 /opt/riscv/lib/gcc/riscv32-unknown-elf/10.2.0/libgcc.a(eqdf2.o)
 .riscv.attributes
                0x0000000000000182       0x26 /opt/riscv/lib/gcc/riscv32-unknown-elf/10.2.0/libgcc.a(ledf2.o)
 .riscv.attributes
                0x00000000000001a8       0x26 /opt/riscv/lib/gcc/riscv32-unknown-elf/10.2.0/libgcc.a(muldf3.o)
 .riscv.attributes
                0x00000000000001ce       0x26 /opt/riscv/lib/gcc/riscv32-unknown-elf/10.2.0/libgcc.a(subdf3.o)
 .riscv.attributes
                0x00000000000001f4       0x26 /opt/riscv/lib/gcc/riscv32-unknown-elf/10.2.0/libgcc.a(fixdfsi.o)
 .riscv.attributes
                0x000000000000021a       0x26 /opt/riscv/lib/gcc/riscv32-unknown-elf/10.2.0/libgcc.a(floatsidf.o)
 .riscv.attributes
                0x0000000000000240       0x26 /opt/riscv/lib/gcc/riscv32-unknown-elf/10.2.0/libgcc.a(_clz.o)
 .riscv.attributes
                0x0000000000000266       0x26 /opt/riscv/lib/gcc/riscv32-unknown-elf/10.2.0/libgcc.a(_clzsi2.o)

.debug_info     0x0000000000000000     0x2595
 .debug_info    0x0000000000000000      0x7e8 /opt/riscv/lib/gcc/riscv32-unknown-elf/10.2.0/libgcc.a(_divdi3.o)
 .debug_info    0x00000000000007e8      0x581 /opt/riscv/lib/gcc/riscv32-unknown-elf/10.2.0/libgcc.a(adddf3.o)
 .debug_info    0x0000000000000d69      0x255 /opt/riscv/lib/gcc/riscv32-unknown-elf/10.2.0/libgcc.a(eqdf2.o)
 .debug_info    0x0000000000000fbe      0x253 /opt/riscv/lib/gcc/riscv32-unknown-elf/10.2.0/libgcc.a(ledf2.o)
 .debug_info    0x0000000000001211      0x766 /opt/riscv/lib/gcc/riscv32-unknown-elf/10.2.0/libgcc.a(muldf3.o)
 .debug_info    0x0000000000001977      0x581 /opt/riscv/lib/gcc/riscv32-unknown-elf/10.2.0/libgcc.a(subdf3.o)
 .debug_info    0x0000000000001ef8      0x1e7 /opt/riscv/lib/gcc/riscv32-unknown-elf/10.2.0/libgcc.a(fixdfsi.o)
 .debug_info    0x00000000000020df      0x29b /opt/riscv/lib/gcc/riscv32-unknown-elf/10.2.0/libgcc.a(floatsidf.o)
 .debug_info    0x000000000000237a       0xd7 /opt/riscv/lib/gcc/riscv32-unknown-elf/10.2.0/libgcc.a(_clz.o)
 .debug_info    0x0000000000002451      0x144 /opt/riscv/lib/gcc/riscv32-unknown-elf/10.2.0/libgcc.a(_clzsi2.o)

.debug_abbrev   0x0000000000000000      0xcc5
 .debug_abbrev  0x0000000000000000      0x1b5 /opt/riscv/lib/gcc/riscv32-unknown-elf/10.2.0/libgcc.a(_divdi3.o)
 .debug_abbrev  0x00000000000001b5      0x173 /opt/riscv/lib/gcc/riscv32-unknown-elf/10.2.0/libgcc.a(adddf3.o)
 .debug_abbrev  0x0000000000000328      0x14b /opt/riscv/lib/gcc/riscv32-unknown-elf/10.2.0/libgcc.a(eqdf2.o)
 .debug_abbrev  0x0000000000000473      0x15e /opt/riscv/lib/gcc/riscv32-unknown-elf/10.2.0/libgcc.a(ledf2.o)
 .debug_abbrev  0x00000000000005d1      0x185 /opt/riscv/lib/gcc/riscv32-unknown-elf/10.2.0/libgcc.a(muldf3.o)
 .debug_abbrev  0x0000000000000756      0x173 /opt/riscv/lib/gcc/riscv32-unknown-elf/10.2.0/libgcc.a(subdf3.o)
 .debug_abbrev  0x00000000000008c9      0x15e /opt/riscv/lib/gcc/riscv32-unknown-elf/10.2.0/libgcc.a(fixdfsi.o)
 .debug_abbrev  0x0000000000000a27      0x164 /opt/riscv/lib/gcc/riscv32-unknown-elf/10.2.0/libgcc.a(floatsidf.o)
 .debug_abbrev  0x0000000000000b8b       0x70 /opt/riscv/lib/gcc/riscv32-unknown-elf/10.2.0/libgcc.a(_clz.o)
 .debug_abbrev  0x0000000000000bfb       0xca /opt/riscv/lib/gcc/riscv32-unknown-elf/10.2.0/libgcc.a(_clzsi2.o)

.debug_loc      0x0000000000000000     0x3fa7
 .debug_loc     0x0000000000000000      0x9fa /opt/riscv/lib/gcc/riscv32-unknown-elf/10.2.0/libgcc.a(_divdi3.o)
 .debug_loc     0x00000000000009fa     0x11ec /opt/riscv/lib/gcc/riscv32-unknown-elf/10.2.0/libgcc.a(adddf3.o)
 .debug_loc     0x0000000000001be6       0xa4 /opt/riscv/lib/gcc/riscv32-unknown-elf/10.2.0/libgcc.a(eqdf2.o)
 .debug_loc     0x0000000000001c8a      0x135 /opt/riscv/lib/gcc/riscv32-unknown-elf/10.2.0/libgcc.a(ledf2.o)
 .debug_loc     0x0000000000001dbf      0xd56 /opt/riscv/lib/gcc/riscv32-unknown-elf/10.2.0/libgcc.a(muldf3.o)
 .debug_loc     0x0000000000002b15     0x114d /opt/riscv/lib/gcc/riscv32-unknown-elf/10.2.0/libgcc.a(subdf3.o)
 .debug_loc     0x0000000000003c62      0x181 /opt/riscv/lib/gcc/riscv32-unknown-elf/10.2.0/libgcc.a(fixdfsi.o)
 .debug_loc     0x0000000000003de3      0x159 /opt/riscv/lib/gcc/riscv32-unknown-elf/10.2.0/libgcc.a(floatsidf.o)
 .debug_loc     0x0000000000003f3c       0x6b /opt/riscv/lib/gcc/riscv32-unknown-elf/10.2.0/libgcc.a(_clzsi2.o)

.debug_aranges  0x0000000000000000      0x138
 .debug_aranges
                0x0000000000000000       0x20 /opt/riscv/lib/gcc/riscv32-unknown-elf/10.2.0/libgcc.a(_divdi3.o)
 .debug_aranges
                0x0000000000000020       0x20 /opt/riscv/lib/gcc/riscv32-unknown-elf/10.2.0/libgcc.a(adddf3.o)
 .debug_aranges
                0x0000000000000040       0x20 /opt/riscv/lib/gcc/riscv32-unknown-elf/10.2.0/libgcc.a(eqdf2.o)
 .debug_aranges
                0x0000000000000060       0x20 /opt/riscv/lib/gcc/riscv32-unknown-elf/10.2.0/libgcc.a(ledf2.o)
 .debug_aranges
                0x0000000000000080       0x20 /opt/riscv/lib/gcc/riscv32-unknown-elf/10.2.0/libgcc.a(muldf3.o)
 .debug_aranges
                0x00000000000000a0       0x20 /opt/riscv/lib/gcc/riscv32-unknown-elf/10.2.0/libgcc.a(subdf3.o)
 .debug_aranges
                0x00000000000000c0       0x20 /opt/riscv/lib/gcc/riscv32-unknown-elf/10.2.0/libgcc.a(fixdfsi.o)
 .debug_aranges
                0x00000000000000e0       0x20 /opt/riscv/lib/gcc/riscv32-unknown-elf/10.2.0/libgcc.a(floatsidf.o)
 .debug_aranges
                0x0000000000000100       0x18 /opt/riscv/lib/gcc/riscv32-unknown-elf/10.2.0/libgcc.a(_clz.o)
 .debug_aranges
                0x0000000000000118       0x20 /opt/riscv/lib/gcc/riscv32-unknown-elf/10.2.0/libgcc.a(_clzsi2.o)

.debug_ranges   0x0000000000000000      0x8a8
 .debug_ranges  0x0000000000000000       0xf8 /opt/riscv/lib/gcc/riscv32-unknown-elf/10.2.0/libgcc.a(_divdi3.o)
 .debug_ranges  0x00000000000000f8      0x248 /opt/riscv/lib/gcc/riscv32-unknown-elf/10.2.0/libgcc.a(adddf3.o)
 .debug_ranges  0x0000000000000340       0x48 /opt/riscv/lib/gcc/riscv32-unknown-elf/10.2.0/libgcc.a(eqdf2.o)
 .debug_ranges  0x0000000000000388       0x50 /opt/riscv/lib/gcc/riscv32-unknown-elf/10.2.0/libgcc.a(ledf2.o)
 .debug_ranges  0x00000000000003d8      0x1e0 /opt/riscv/lib/gcc/riscv32-unknown-elf/10.2.0/libgcc.a(muldf3.o)
 .debug_ranges  0x00000000000005b8      0x250 /opt/riscv/lib/gcc/riscv32-unknown-elf/10.2.0/libgcc.a(subdf3.o)
 .debug_ranges  0x0000000000000808       0x18 /opt/riscv/lib/gcc/riscv32-unknown-elf/10.2.0/libgcc.a(fixdfsi.o)
 .debug_ranges  0x0000000000000820       0x68 /opt/riscv/lib/gcc/riscv32-unknown-elf/10.2.0/libgcc.a(floatsidf.o)
 .debug_ranges  0x0000000000000888       0x20 /opt/riscv/lib/gcc/riscv32-unknown-elf/10.2.0/libgcc.a(_clzsi2.o)

.debug_line     0x0000000000000000     0x40cf
 .debug_line    0x0000000000000000      0x800 /opt/riscv/lib/gcc/riscv32-unknown-elf/10.2.0/libgcc.a(_divdi3.o)
 .debug_line    0x0000000000000800     0x100d /opt/riscv/lib/gcc/riscv32-unknown-elf/10.2.0/libgcc.a(adddf3.o)
 .debug_line    0x000000000000180d      0x24a /opt/riscv/lib/gcc/riscv32-unknown-elf/10.2.0/libgcc.a(eqdf2.o)
 .debug_line    0x0000000000001a57      0x2df /opt/riscv/lib/gcc/riscv32-unknown-elf/10.2.0/libgcc.a(ledf2.o)
 .debug_line    0x0000000000001d36      0xd9f /opt/riscv/lib/gcc/riscv32-unknown-elf/10.2.0/libgcc.a(muldf3.o)
 .debug_line    0x0000000000002ad5     0x1072 /opt/riscv/lib/gcc/riscv32-unknown-elf/10.2.0/libgcc.a(subdf3.o)
 .debug_line    0x0000000000003b47      0x20e /opt/riscv/lib/gcc/riscv32-unknown-elf/10.2.0/libgcc.a(fixdfsi.o)
 .debug_line    0x0000000000003d55      0x248 /opt/riscv/lib/gcc/riscv32-unknown-elf/10.2.0/libgcc.a(floatsidf.o)
 .debug_line    0x0000000000003f9d       0x53 /opt/riscv/lib/gcc/riscv32-unknown-elf/10.2.0/libgcc.a(_clz.o)
 .debug_line    0x0000000000003ff0       0xdf /opt/riscv/lib/gcc/riscv32-unknown-elf/10.2.0/libgcc.a(_clzsi2.o)

.debug_str      0x0000000000000000      0x865
 .debug_str     0x0000000000000000      0x273 /opt/riscv/lib/gcc/riscv32-unknown-elf/10.2.0/libgcc.a(_divdi3.o)
                                        0x2d3 (size before relaxing)
 .debug_str     0x0000000000000273      0x24f /opt/riscv/lib/gcc/riscv32-unknown-elf/10.2.0/libgcc.a(adddf3.o)
                                        0x32f (size before relaxing)
 .debug_str     0x00000000000004c2       0x53 /opt/riscv/lib/gcc/riscv32-unknown-elf/10.2.0/libgcc.a(eqdf2.o)
                                        0x240 (size before relaxing)
 .debug_str     0x0000000000000515       0x58 /opt/riscv/lib/gcc/riscv32-unknown-elf/10.2.0/libgcc.a(ledf2.o)
                                        0x264 (size before relaxing)
 .debug_str     0x000000000000056d      0x20e /opt/riscv/lib/gcc/riscv32-unknown-elf/10.2.0/libgcc.a(muldf3.o)
                                        0x449 (size before relaxing)
 .debug_str     0x000000000000077b       0x36 /opt/riscv/lib/gcc/riscv32-unknown-elf/10.2.0/libgcc.a(subdf3.o)
                                        0x32f (size before relaxing)
 .debug_str     0x00000000000007b1       0x4b /opt/riscv/lib/gcc/riscv32-unknown-elf/10.2.0/libgcc.a(fixdfsi.o)
                                        0x23d (size before relaxing)
 .debug_str     0x00000000000007fc       0x69 /opt/riscv/lib/gcc/riscv32-unknown-elf/10.2.0/libgcc.a(floatsidf.o)
                                        0x2dc (size before relaxing)
 .debug_str     0x0000000000000865      0x21b /opt/riscv/lib/gcc/riscv32-unknown-elf/10.2.0/libgcc.a(_clz.o)
 .debug_str     0x0000000000000865      0x238 /opt/riscv/lib/gcc/riscv32-unknown-elf/10.2.0/libgcc.a(_clzsi2.o)

.debug_frame    0x0000000000000000      0x194
 .debug_frame   0x0000000000000000       0x44 /opt/riscv/lib/gcc/riscv32-unknown-elf/10.2.0/libgcc.a(adddf3.o)
 .debug_frame   0x0000000000000044       0x20 /opt/riscv/lib/gcc/riscv32-unknown-elf/10.2.0/libgcc.a(eqdf2.o)
 .debug_frame   0x0000000000000064       0x20 /opt/riscv/lib/gcc/riscv32-unknown-elf/10.2.0/libgcc.a(ledf2.o)
 .debug_frame   0x0000000000000084       0x54 /opt/riscv/lib/gcc/riscv32-unknown-elf/10.2.0/libgcc.a(muldf3.o)
 .debug_frame   0x00000000000000d8       0x44 /opt/riscv/lib/gcc/riscv32-unknown-elf/10.2.0/libgcc.a(subdf3.o)
 .debug_frame   0x000000000000011c       0x20 /opt/riscv/lib/gcc/riscv32-unknown-elf/10.2.0/libgcc.a(fixdfsi.o)
 .debug_frame   0x000000000000013c       0x38 /opt/riscv/lib/gcc/riscv32-unknown-elf/10.2.0/libgcc.a(floatsidf.o)
 .debug_frame   0x0000000000000174       0x20 /opt/riscv/lib/gcc/riscv32-unknown-elf/10.2.0/libgcc.a(_clzsi2.o)
